Component: ARM Compiler 5.06 update 7 (build 960) Tool: armlink [4d3601]

==============================================================================

Section Cross References

    startup_stm32f030x6.o(RESET) refers to startup_stm32f030x6.o(STACK) for __initial_sp
    startup_stm32f030x6.o(RESET) refers to startup_stm32f030x6.o(.text) for Reset_Handler
    startup_stm32f030x6.o(RESET) refers to stm32f0xx_it.o(i.NMI_Handler) for NMI_Handler
    startup_stm32f030x6.o(RESET) refers to stm32f0xx_it.o(i.HardFault_Handler) for HardFault_Handler
    startup_stm32f030x6.o(RESET) refers to stm32f0xx_it.o(i.SVC_Handler) for SVC_Handler
    startup_stm32f030x6.o(RESET) refers to stm32f0xx_it.o(i.PendSV_Handler) for PendSV_Handler
    startup_stm32f030x6.o(RESET) refers to stm32f0xx_it.o(i.SysTick_Handler) for SysTick_Handler
    startup_stm32f030x6.o(RESET) refers to stm32f0xx_it.o(i.EXTI0_1_IRQHandler) for EXTI0_1_IRQHandler
    startup_stm32f030x6.o(RESET) refers to stm32f0xx_it.o(i.EXTI2_3_IRQHandler) for EXTI2_3_IRQHandler
    startup_stm32f030x6.o(RESET) refers to stm32f0xx_it.o(i.EXTI4_15_IRQHandler) for EXTI4_15_IRQHandler
    startup_stm32f030x6.o(RESET) refers to stm32f0xx_it.o(i.TIM14_IRQHandler) for TIM14_IRQHandler
    startup_stm32f030x6.o(RESET) refers to stm32f0xx_it.o(i.TIM16_IRQHandler) for TIM16_IRQHandler
    startup_stm32f030x6.o(RESET) refers to stm32f0xx_it.o(i.TIM17_IRQHandler) for TIM17_IRQHandler
    startup_stm32f030x6.o(RESET) refers to stm32f0xx_it.o(i.USART1_IRQHandler) for USART1_IRQHandler
    startup_stm32f030x6.o(.text) refers to system_stm32f0xx.o(i.SystemInit) for SystemInit
    startup_stm32f030x6.o(.text) refers to entry.o(.ARM.Collect$$$$00000000) for __main
    main.o(i.GPIO_Init) refers to memseta.o(.text) for __aeabi_memclr4
    main.o(i.GPIO_Init) refers to stm32f0xx_hal_gpio.o(i.HAL_GPIO_WritePin) for HAL_GPIO_WritePin
    main.o(i.GPIO_Init) refers to stm32f0xx_hal_gpio.o(i.HAL_GPIO_Init) for HAL_GPIO_Init
    main.o(i.GPIO_Init) refers to stm32f0xx_hal_cortex.o(i.HAL_NVIC_EnableIRQ) for HAL_NVIC_EnableIRQ
    main.o(i.GPIO_Init) refers to stm32f0xx_hal_cortex.o(i.HAL_NVIC_SetPriority) for HAL_NVIC_SetPriority
    main.o(i.I2C1_Init) refers to stm32f0xx_hal_i2c.o(i.HAL_I2C_Init) for HAL_I2C_Init
    main.o(i.I2C1_Init) refers to main.o(.bss) for .bss
    main.o(i.SystemClock_Config) refers to memseta.o(.text) for __aeabi_memclr4
    main.o(i.SystemClock_Config) refers to stm32f0xx_hal_rcc.o(i.HAL_RCC_OscConfig) for HAL_RCC_OscConfig
    main.o(i.SystemClock_Config) refers to stm32f0xx_hal_rcc.o(i.HAL_RCC_ClockConfig) for HAL_RCC_ClockConfig
    main.o(i.SystemClock_Config) refers to stm32f0xx_hal_rcc_ex.o(i.HAL_RCCEx_PeriphCLKConfig) for HAL_RCCEx_PeriphCLKConfig
    main.o(i.TIM14_Init) refers to stm32f0xx_hal_tim.o(i.HAL_TIM_Base_Init) for HAL_TIM_Base_Init
    main.o(i.TIM14_Init) refers to stm32f0xx_hal_cortex.o(i.HAL_NVIC_EnableIRQ) for HAL_NVIC_EnableIRQ
    main.o(i.TIM14_Init) refers to stm32f0xx_hal_cortex.o(i.HAL_NVIC_SetPriority) for HAL_NVIC_SetPriority
    main.o(i.TIM14_Init) refers to main.o(.bss) for .bss
    main.o(i.TIM16_Init) refers to stm32f0xx_hal_tim.o(i.HAL_TIM_Base_Init) for HAL_TIM_Base_Init
    main.o(i.TIM16_Init) refers to stm32f0xx_hal_cortex.o(i.HAL_NVIC_EnableIRQ) for HAL_NVIC_EnableIRQ
    main.o(i.TIM16_Init) refers to stm32f0xx_hal_cortex.o(i.HAL_NVIC_SetPriority) for HAL_NVIC_SetPriority
    main.o(i.TIM16_Init) refers to main.o(.bss) for .bss
    main.o(i.TIM17_Init) refers to stm32f0xx_hal_tim.o(i.HAL_TIM_Base_Init) for HAL_TIM_Base_Init
    main.o(i.TIM17_Init) refers to stm32f0xx_hal_cortex.o(i.HAL_NVIC_EnableIRQ) for HAL_NVIC_EnableIRQ
    main.o(i.TIM17_Init) refers to stm32f0xx_hal_cortex.o(i.HAL_NVIC_SetPriority) for HAL_NVIC_SetPriority
    main.o(i.TIM17_Init) refers to main.o(.bss) for .bss
    main.o(i.USART1_UART_Init) refers to stm32f0xx_hal_uart.o(i.HAL_UART_Init) for HAL_UART_Init
    main.o(i.USART1_UART_Init) refers to stm32f0xx_hal_cortex.o(i.HAL_NVIC_EnableIRQ) for HAL_NVIC_EnableIRQ
    main.o(i.USART1_UART_Init) refers to stm32f0xx_hal_cortex.o(i.HAL_NVIC_SetPriority) for HAL_NVIC_SetPriority
    main.o(i.USART1_UART_Init) refers to main.o(.bss) for .bss
    main.o(i.main) refers to stm32f0xx_hal.o(i.HAL_Init) for HAL_Init
    main.o(i.main) refers to main.o(i.SystemClock_Config) for SystemClock_Config
    main.o(i.main) refers to main.o(i.GPIO_Init) for GPIO_Init
    main.o(i.main) refers to main.o(i.I2C1_Init) for I2C1_Init
    main.o(i.main) refers to main.o(i.USART1_UART_Init) for USART1_UART_Init
    main.o(i.main) refers to main.o(i.TIM14_Init) for TIM14_Init
    main.o(i.main) refers to main.o(i.TIM16_Init) for TIM16_Init
    main.o(i.main) refers to main.o(i.TIM17_Init) for TIM17_Init
    main.o(i.main) refers to stm32f0xx_hal_iwdg.o(i.HAL_IWDG_Init) for HAL_IWDG_Init
    main.o(i.main) refers to loop.o(i.superloop) for superloop
    main.o(i.main) refers to main.o(.bss) for .bss
[...]
    Removing stm32f0xx_hal_tim.o(i.HAL_TIM_DMABurst_WriteStart), (18 bytes).
    Removing stm32f0xx_hal_tim.o(i.HAL_TIM_DMABurst_WriteStop), (112 bytes).
    Removing stm32f0xx_hal_tim.o(i.HAL_TIM_Encoder_DeInit), (68 bytes).
    Removing stm32f0xx_hal_tim.o(i.HAL_TIM_Encoder_GetState), (6 bytes).
    Removing stm32f0xx_hal_tim.o(i.HAL_TIM_Encoder_Init), (168 bytes).
    Removing stm32f0xx_hal_tim.o(i.HAL_TIM_Encoder_MspDeInit), (2 bytes).
    Removing stm32f0xx_hal_tim.o(i.HAL_TIM_Encoder_MspInit), (2 bytes).
    Removing stm32f0xx_hal_tim.o(i.HAL_TIM_Encoder_Start), (130 bytes).
    Removing stm32f0xx_hal_tim.o(i.HAL_TIM_Encoder_Start_DMA), (424 bytes).
    Removing stm32f0xx_hal_tim.o(i.HAL_TIM_Encoder_Start_IT), (168 bytes).
    Removing stm32f0xx_hal_tim.o(i.HAL_TIM_Encoder_Stop), (108 bytes).
    Removing stm32f0xx_hal_tim.o(i.HAL_TIM_Encoder_Stop_DMA), (176 bytes).
    Removing stm32f0xx_hal_tim.o(i.HAL_TIM_Encoder_Stop_IT), (148 bytes).
    Removing stm32f0xx_hal_tim.o(i.HAL_TIM_ErrorCallback), (2 bytes).
    Removing stm32f0xx_hal_tim.o(i.HAL_TIM_GenerateEvent), (36 bytes).
    Removing stm32f0xx_hal_tim.o(i.HAL_TIM_GetActiveChannel), (4 bytes).
    Removing stm32f0xx_hal_tim.o(i.HAL_TIM_GetChannelState), (34 bytes).
    Removing stm32f0xx_hal_tim.o(i.HAL_TIM_IC_CaptureHalfCpltCallback), (2 bytes).
    Removing stm32f0xx_hal_tim.o(i.HAL_TIM_IC_ConfigChannel), (294 bytes).
    Removing stm32f0xx_hal_tim.o(i.HAL_TIM_IC_DeInit), (80 bytes).
    Removing stm32f0xx_hal_tim.o(i.HAL_TIM_IC_GetState), (6 bytes).
    Removing stm32f0xx_hal_tim.o(i.HAL_TIM_IC_Init), (72 bytes).
    Removing stm32f0xx_hal_tim.o(i.HAL_TIM_IC_MspDeInit), (2 bytes).
    Removing stm32f0xx_hal_tim.o(i.HAL_TIM_IC_MspInit), (2 bytes).
    Removing stm32f0xx_hal_tim.o(i.HAL_TIM_IC_Start), (148 bytes).
    Removing stm32f0xx_hal_tim.o(i.HAL_TIM_IC_Start_DMA), (384 bytes).
    Removing stm32f0xx_hal_tim.o(i.HAL_TIM_IC_Start_IT), (188 bytes).
    Removing stm32f0xx_hal_tim.o(i.HAL_TIM_IC_Stop), (92 bytes).
    Removing stm32f0xx_hal_tim.o(i.HAL_TIM_IC_Stop_DMA), (180 bytes).
    Removing stm32f0xx_hal_tim.o(i.HAL_TIM_IC_Stop_IT), (148 bytes).
    Removing stm32f0xx_hal_tim.o(i.HAL_TIM_OC_ConfigChannel), (80 bytes).
    Removing stm32f0xx_hal_tim.o(i.HAL_TIM_OC_DeInit), (80 bytes).
    Removing stm32f0xx_hal_tim.o(i.HAL_TIM_OC_GetState), (6 bytes).
    Removing stm32f0xx_hal_tim.o(i.HAL_TIM_OC_Init), (72 bytes).
    Removing stm32f0xx_hal_tim.o(i.HAL_TIM_OC_MspDeInit), (2 bytes).
    Removing stm32f0xx_hal_tim.o(i.HAL_TIM_OC_MspInit), (2 bytes).
    Removing stm32f0xx_hal_tim.o(i.HAL_TIM_OC_Start), (156 bytes).
    Removing stm32f0xx_hal_tim.o(i.HAL_TIM_OC_Start_DMA), (400 bytes).
    Removing stm32f0xx_hal_tim.o(i.HAL_TIM_OC_Start_IT), (196 bytes).
    Removing stm32f0xx_hal_tim.o(i.HAL_TIM_OC_Stop), (136 bytes).
    Removing stm32f0xx_hal_tim.o(i.HAL_TIM_OC_Stop_DMA), (228 bytes).
    Removing stm32f0xx_hal_tim.o(i.HAL_TIM_OC_Stop_IT), (196 bytes).
    Removing stm32f0xx_hal_tim.o(i.HAL_TIM_OnePulse_ConfigChannel), (222 bytes).
    Removing stm32f0xx_hal_tim.o(i.HAL_TIM_OnePulse_DeInit), (68 bytes).
    Removing stm32f0xx_hal_tim.o(i.HAL_TIM_OnePulse_GetState), (6 bytes).
    Removing stm32f0xx_hal_tim.o(i.HAL_TIM_OnePulse_Init), (84 bytes).
    Removing stm32f0xx_hal_tim.o(i.HAL_TIM_OnePulse_MspDeInit), (2 bytes).
    Removing stm32f0xx_hal_tim.o(i.HAL_TIM_OnePulse_MspInit), (2 bytes).
    Removing stm32f0xx_hal_tim.o(i.HAL_TIM_OnePulse_Start), (116 bytes).
    Removing stm32f0xx_hal_tim.o(i.HAL_TIM_OnePulse_Start_IT), (132 bytes).
    Removing stm32f0xx_hal_tim.o(i.HAL_TIM_OnePulse_Stop), (128 bytes).
    Removing stm32f0xx_hal_tim.o(i.HAL_TIM_OnePulse_Stop_IT), (148 bytes).
    Removing stm32f0xx_hal_tim.o(i.HAL_TIM_PWM_ConfigChannel), (208 bytes).
    Removing stm32f0xx_hal_tim.o(i.HAL_TIM_PWM_DeInit), (80 bytes).
    Removing stm32f0xx_hal_tim.o(i.HAL_TIM_PWM_GetState), (6 bytes).
    Removing stm32f0xx_hal_tim.o(i.HAL_TIM_PWM_Init), (72 bytes).
    Removing stm32f0xx_hal_tim.o(i.HAL_TIM_PWM_MspDeInit), (2 bytes).
    Removing stm32f0xx_hal_tim.o(i.HAL_TIM_PWM_MspInit), (2 bytes).
    Removing stm32f0xx_hal_tim.o(i.HAL_TIM_PWM_PulseFinishedHalfCpltCallback), (2 bytes).
    Removing stm32f0xx_hal_tim.o(i.HAL_TIM_PWM_Start), (156 bytes).
    Removing stm32f0xx_hal_tim.o(i.HAL_TIM_PWM_Start_DMA), (400 bytes).
    Removing stm32f0xx_hal_tim.o(i.HAL_TIM_PWM_Start_IT), (196 bytes).
    Removing stm32f0xx_hal_tim.o(i.HAL_TIM_PWM_Stop), (136 bytes).
    Removing stm32f0xx_hal_tim.o(i.HAL_TIM_PWM_Stop_DMA), (228 bytes).
    Removing stm32f0xx_hal_tim.o(i.HAL_TIM_PWM_Stop_IT), (196 bytes).
    Removing stm32f0xx_hal_tim.o(i.HAL_TIM_PeriodElapsedCallback), (2 bytes).
    Removing stm32f0xx_hal_tim.o(i.HAL_TIM_PeriodElapsedHalfCpltCallback), (2 bytes).
    Removing stm32f0xx_hal_tim.o(i.HAL_TIM_ReadCapturedValue), (44 bytes).
    Removing stm32f0xx_hal_tim.o(i.HAL_TIM_SlaveConfigSynchro), (76 bytes).
    Removing stm32f0xx_hal_tim.o(i.HAL_TIM_SlaveConfigSynchro_IT), (76 bytes).
    Removing stm32f0xx_hal_tim.o(i.HAL_TIM_TriggerHalfCpltCallback), (2 bytes).
    Removing stm32f0xx_hal_tim.o(i.TIM_CCxChannelCmd), (26 bytes).
    Removing stm32f0xx_hal_tim.o(i.TIM_DMACaptureCplt), (118 bytes).
    Removing stm32f0xx_hal_tim.o(i.TIM_DMACaptureHalfCplt), (56 bytes).
    Removing stm32f0xx_hal_tim.o(i.TIM_DMADelayPulseCplt), (102 bytes).
    Removing stm32f0xx_hal_tim.o(i.TIM_DMADelayPulseHalfCplt), (56 bytes).
    Removing stm32f0xx_hal_tim.o(i.TIM_DMAError), (84 bytes).
    Removing stm32f0xx_hal_tim.o(i.TIM_DMAPeriodElapsedCplt), (24 bytes).
    Removing stm32f0xx_hal_tim.o(i.TIM_DMAPeriodElapsedHalfCplt), (10 bytes).
    Removing stm32f0xx_hal_tim.o(i.TIM_DMATriggerCplt), (24 bytes).
    Removing stm32f0xx_hal_tim.o(i.TIM_DMATriggerHalfCplt), (10 bytes).
    Removing stm32f0xx_hal_tim.o(i.TIM_ETR_SetConfig), (22 bytes).
    Removing stm32f0xx_hal_tim.o(i.TIM_ITRx_SetConfig), (16 bytes).
    Removing stm32f0xx_hal_tim.o(i.TIM_OC1_SetConfig), (120 bytes).
    Removing stm32f0xx_hal_tim.o(i.TIM_OC2_SetConfig), (116 bytes).
    Removing stm32f0xx_hal_tim.o(i.TIM_OC3_SetConfig), (120 bytes).
    Removing stm32f0xx_hal_tim.o(i.TIM_OC4_SetConfig), (96 bytes).
    Removing stm32f0xx_hal_tim.o(i.TIM_SlaveTimer_SetConfig), (140 bytes).
    Removing stm32f0xx_hal_tim.o(i.TIM_TI1_ConfigInputStage), (34 bytes).
    Removing stm32f0xx_hal_tim.o(i.TIM_TI1_SetConfig), (68 bytes).
    Removing stm32f0xx_hal_tim.o(i.TIM_TI2_ConfigInputStage), (38 bytes).
    Removing stm32f0xx_hal_tim.o(i.TIM_TI2_SetConfig), (52 bytes).
    Removing stm32f0xx_hal_tim_ex.o(.rev16_text), (4 bytes).
    Removing stm32f0xx_hal_tim_ex.o(.revsh_text), (4 bytes).
    Removing stm32f0xx_hal_tim_ex.o(i.HAL_TIMEx_CommutHalfCpltCallback), (2 bytes).
    Removing stm32f0xx_hal_tim_ex.o(i.HAL_TIMEx_ConfigBreakDeadTime), (94 bytes).
    Removing stm32f0xx_hal_tim_ex.o(i.HAL_TIMEx_ConfigCommutEvent), (108 bytes).
    Removing stm32f0xx_hal_tim_ex.o(i.HAL_TIMEx_ConfigCommutEvent_DMA), (140 bytes).
    Removing stm32f0xx_hal_tim_ex.o(i.HAL_TIMEx_ConfigCommutEvent_IT), (108 bytes).
    Removing stm32f0xx_hal_tim_ex.o(i.HAL_TIMEx_GetChannelNState), (30 bytes).
    Removing stm32f0xx_hal_tim_ex.o(i.HAL_TIMEx_HallSensor_DeInit), (68 bytes).
    Removing stm32f0xx_hal_tim_ex.o(i.HAL_TIMEx_HallSensor_GetState), (6 bytes).
    Removing stm32f0xx_hal_tim_ex.o(i.HAL_TIMEx_HallSensor_Init), (196 bytes).
    Removing stm32f0xx_hal_tim_ex.o(i.HAL_TIMEx_HallSensor_MspDeInit), (2 bytes).
    Removing stm32f0xx_hal_tim_ex.o(i.HAL_TIMEx_HallSensor_MspInit), (2 bytes).
    Removing stm32f0xx_hal_tim_ex.o(i.HAL_TIMEx_HallSensor_Start), (104 bytes).
    Removing stm32f0xx_hal_tim_ex.o(i.HAL_TIMEx_HallSensor_Start_DMA), (172 bytes).
    Removing stm32f0xx_hal_tim_ex.o(i.HAL_TIMEx_HallSensor_Start_IT), (112 bytes).
    Removing stm32f0xx_hal_tim_ex.o(i.HAL_TIMEx_HallSensor_Stop), (64 bytes).
    Removing stm32f0xx_hal_tim_ex.o(i.HAL_TIMEx_HallSensor_Stop_DMA), (76 bytes).
    Removing stm32f0xx_hal_tim_ex.o(i.HAL_TIMEx_HallSensor_Stop_IT), (76 bytes).
    Removing stm32f0xx_hal_tim_ex.o(i.HAL_TIMEx_MasterConfigSynchronization), (80 bytes).
    Removing stm32f0xx_hal_tim_ex.o(i.HAL_TIMEx_OCN_Start), (128 bytes).
    Removing stm32f0xx_hal_tim_ex.o(i.HAL_TIMEx_OCN_Start_DMA), (320 bytes).
    Removing stm32f0xx_hal_tim_ex.o(i.HAL_TIMEx_OCN_Start_IT), (160 bytes).
    Removing stm32f0xx_hal_tim_ex.o(i.HAL_TIMEx_OCN_Stop), (108 bytes).
    Removing stm32f0xx_hal_tim_ex.o(i.HAL_TIMEx_OCN_Stop_DMA), (176 bytes).
    Removing stm32f0xx_hal_tim_ex.o(i.HAL_TIMEx_OCN_Stop_IT), (168 bytes).
    Removing stm32f0xx_hal_tim_ex.o(i.HAL_TIMEx_OnePulseN_Start), (98 bytes).
    Removing stm32f0xx_hal_tim_ex.o(i.HAL_TIMEx_OnePulseN_Start_IT), (116 bytes).
    Removing stm32f0xx_hal_tim_ex.o(i.HAL_TIMEx_OnePulseN_Stop), (112 bytes).
    Removing stm32f0xx_hal_tim_ex.o(i.HAL_TIMEx_OnePulseN_Stop_IT), (132 bytes).
    Removing stm32f0xx_hal_tim_ex.o(i.HAL_TIMEx_PWMN_Start), (128 bytes).
    Removing stm32f0xx_hal_tim_ex.o(i.HAL_TIMEx_PWMN_Start_DMA), (320 bytes).
    Removing stm32f0xx_hal_tim_ex.o(i.HAL_TIMEx_PWMN_Start_IT), (160 bytes).
    Removing stm32f0xx_hal_tim_ex.o(i.HAL_TIMEx_PWMN_Stop), (108 bytes).
    Removing stm32f0xx_hal_tim_ex.o(i.HAL_TIMEx_PWMN_Stop_DMA), (176 bytes).
    Removing stm32f0xx_hal_tim_ex.o(i.HAL_TIMEx_PWMN_Stop_IT), (168 bytes).
    Removing stm32f0xx_hal_tim_ex.o(i.HAL_TIMEx_RemapConfig), (28 bytes).
    Removing stm32f0xx_hal_tim_ex.o(i.TIMEx_DMACommutationCplt), (16 bytes).
    Removing stm32f0xx_hal_tim_ex.o(i.TIMEx_DMACommutationHalfCplt), (16 bytes).
    Removing stm32f0xx_hal_tim_ex.o(i.TIM_CCxNChannelCmd), (26 bytes).
    Removing stm32f0xx_hal_tim_ex.o(i.TIM_DMADelayPulseNCplt), (102 bytes).
    Removing stm32f0xx_hal_tim_ex.o(i.TIM_DMAErrorCCxN), (62 bytes).
    Removing stm32f0xx_hal_uart.o(.rev16_text), (4 bytes).
    Removing stm32f0xx_hal_uart.o(.revsh_text), (4 bytes).
    Removing stm32f0xx_hal_uart.o(i.HAL_HalfDuplex_EnableReceiver), (78 bytes).
    Removing stm32f0xx_hal_uart.o(i.HAL_HalfDuplex_EnableTransmitter), (78 bytes).
    Removing stm32f0xx_hal_uart.o(i.HAL_HalfDuplex_Init), (106 bytes).
    Removing stm32f0xx_hal_uart.o(i.HAL_MultiProcessor_DisableMuteMode), (58 bytes).
    Removing stm32f0xx_hal_uart.o(i.HAL_MultiProcessor_EnableMuteMode), (58 bytes).
    Removing stm32f0xx_hal_uart.o(i.HAL_MultiProcessor_EnterMuteMode), (12 bytes).
    Removing stm32f0xx_hal_uart.o(i.HAL_MultiProcessor_Init), (138 bytes).
    Removing stm32f0xx_hal_uart.o(i.HAL_UART_Abort), (252 bytes).
    Removing stm32f0xx_hal_uart.o(i.HAL_UART_AbortCpltCallback), (2 bytes).
    Removing stm32f0xx_hal_uart.o(i.HAL_UART_AbortReceive), (184 bytes).
    Removing stm32f0xx_hal_uart.o(i.HAL_UART_AbortTransmit), (112 bytes).
    Removing stm32f0xx_hal_uart.o(i.HAL_UART_AbortTransmitCpltCallback), (2 bytes).
    Removing stm32f0xx_hal_uart.o(i.HAL_UART_AbortTransmit_IT), (116 bytes).
    Removing stm32f0xx_hal_uart.o(i.HAL_UART_Abort_IT), (292 bytes).
    Removing stm32f0xx_hal_uart.o(i.HAL_UART_DMAPause), (150 bytes).
    Removing stm32f0xx_hal_uart.o(i.HAL_UART_DMAResume), (140 bytes).
    Removing stm32f0xx_hal_uart.o(i.HAL_UART_DMAStop), (154 bytes).
    Removing stm32f0xx_hal_uart.o(i.HAL_UART_DeInit), (62 bytes).
    Removing stm32f0xx_hal_uart.o(i.HAL_UART_DisableReceiverTimeout), (52 bytes).
    Removing stm32f0xx_hal_uart.o(i.HAL_UART_EnableReceiverTimeout), (52 bytes).
    Removing stm32f0xx_hal_uart.o(i.HAL_UART_GetError), (6 bytes).
    Removing stm32f0xx_hal_uart.o(i.HAL_UART_GetState), (10 bytes).
    Removing stm32f0xx_hal_uart.o(i.HAL_UART_MspDeInit), (2 bytes).
    Removing stm32f0xx_hal_uart.o(i.HAL_UART_MspInit), (2 bytes).
    Removing stm32f0xx_hal_uart.o(i.HAL_UART_Receive), (252 bytes).
    Removing stm32f0xx_hal_uart.o(i.HAL_UART_Receive_DMA), (100 bytes).
    Removing stm32f0xx_hal_uart.o(i.HAL_UART_ReceiverTimeout_Config), (14 bytes).
    Removing stm32f0xx_hal_uart.o(i.HAL_UART_RxCpltCallback), (2 bytes).
    Removing stm32f0xx_hal_uart.o(i.HAL_UART_RxHalfCpltCallback), (2 bytes).
    Removing stm32f0xx_hal_uart.o(i.HAL_UART_Transmit_DMA), (192 bytes).
    Removing stm32f0xx_hal_uart.o(i.HAL_UART_Transmit_IT), (136 bytes).
    Removing stm32f0xx_hal_uart.o(i.HAL_UART_TxHalfCpltCallback), (2 bytes).
    Removing stm32f0xx_hal_uart.o(i.UART_DMAError), (76 bytes).
    Removing stm32f0xx_hal_uart.o(i.UART_DMAReceiveCplt), (148 bytes).
    Removing stm32f0xx_hal_uart.o(i.UART_DMARxAbortCallback), (64 bytes).
    Removing stm32f0xx_hal_uart.o(i.UART_DMARxHalfCplt), (28 bytes).
    Removing stm32f0xx_hal_uart.o(i.UART_DMATransmitCplt), (74 bytes).
    Removing stm32f0xx_hal_uart.o(i.UART_DMATxAbortCallback), (54 bytes).
    Removing stm32f0xx_hal_uart.o(i.UART_DMATxHalfCplt), (10 bytes).
    Removing stm32f0xx_hal_uart.o(i.UART_DMATxOnlyAbortCallback), (20 bytes).
    Removing stm32f0xx_hal_uart.o(i.UART_EndTxTransfer), (32 bytes).
    Removing stm32f0xx_hal_uart.o(i.UART_Start_Receive_DMA), (176 bytes).
    Removing stm32f0xx_hal_uart.o(i.UART_TxISR_16BIT), (94 bytes).
    Removing stm32f0xx_hal_uart.o(i.UART_TxISR_8BIT), (90 bytes).
    Removing stm32f0xx_hal_uart_ex.o(.rev16_text), (4 bytes).
    Removing stm32f0xx_hal_uart_ex.o(.revsh_text), (4 bytes).
    Removing stm32f0xx_hal_uart_ex.o(i.HAL_MultiProcessorEx_AddressLength_Set), (52 bytes).
    Removing stm32f0xx_hal_uart_ex.o(i.HAL_RS485Ex_Init), (136 bytes).
    Removing stm32f0xx_hal_uart_ex.o(i.HAL_UARTEx_ReceiveToIdle), (312 bytes).
    Removing stm32f0xx_hal_uart_ex.o(i.HAL_UARTEx_ReceiveToIdle_DMA), (114 bytes).
    Removing stm32f0xx_hal_uart_ex.o(i.HAL_UARTEx_ReceiveToIdle_IT), (114 bytes).
    Removing stm32f0xx_hal_iwdg.o(.rev16_text), (4 bytes).
    Removing stm32f0xx_hal_iwdg.o(.revsh_text), (4 bytes).
    Removing system_stm32f0xx.o(.rev16_text), (4 bytes).
    Removing system_stm32f0xx.o(.revsh_text), (4 bytes).
    Removing system_stm32f0xx.o(i.SystemCoreClockUpdate), (108 bytes).
    Removing stepperdriver.o(.rev16_text), (4 bytes).
    Removing stepperdriver.o(.revsh_text), (4 bytes).
    Removing stepperdriver.o(i.motor_set_speed), (36 bytes).
    Removing eeprom.o(.rev16_text), (4 bytes).
    Removing eeprom.o(.revsh_text), (4 bytes).
    Removing eeprom.o(i.EEPROM_float_read), (56 bytes).
    Removing eeprom.o(i.EEPROM_float_write), (36 bytes).
    Removing eeprom.o(i.mem_test), (52 bytes).
    Removing eeprom.o(.data), (4 bytes).
    Removing dadd.o(.text), (360 bytes).
    Removing dmul.o(.text), (208 bytes).
    Removing ddiv.o(.text), (240 bytes).
    Removing dfixul.o(.text), (64 bytes).
    Removing cdrcmple.o(.text), (40 bytes).
    Removing depilogue.o(.text), (190 bytes).
    Removing stm32f0xx_hal_dma.o(i.__ARM_common_switch8), (26 bytes).
    Removing depilogue.o(i.__ARM_clz), (46 bytes).

440 unused section(s) (total 35992 bytes) removed from the image.

==============================================================================

Image Symbol Table

    Local Symbols

    Symbol Name                              Value     Ov Type        Size  Object(Section)

    ../Core/Src/main.c                       0x00000000   Number         0  main.o ABSOLUTE
    ../Core/Src/stm32f0xx_hal_msp.c          0x00000000   Number         0  stm32f0xx_hal_msp.o ABSOLUTE
    ../Core/Src/stm32f0xx_it.c               0x00000000   Number         0  stm32f0xx_it.o ABSOLUTE
    ../Core/Src/system_stm32f0xx.c           0x00000000   Number         0  system_stm32f0xx.o ABSOLUTE
    ../Drivers/STM32F0xx_HAL_Driver/Src/stm32f0xx_hal.c 0x00000000   Number         0  stm32f0xx_hal.o ABSOLUTE
    ../Drivers/STM32F0xx_HAL_Driver/Src/stm32f0xx_hal_cortex.c 0x00000000   Number         0  stm32f0xx_hal_cortex.o ABSOLUTE
    ../Drivers/STM32F0xx_HAL_Driver/Src/stm32f0xx_hal_dma.c 0x00000000   Number         0  stm32f0xx_hal_dma.o ABSOLUTE
    ../Drivers/STM32F0xx_HAL_Driver/Src/stm32f0xx_hal_exti.c 0x00000000   Number         0  stm32f0xx_hal_exti.o ABSOLUTE
    ../Drivers/STM32F0xx_HAL_Driver/Src/stm32f0xx_hal_flash.c 0x00000000   Number         0  stm32f0xx_hal_flash.o ABSOLUTE
    ../Drivers/STM32F0xx_HAL_Driver/Src/stm32f0xx_hal_flash_ex.c 0x00000000   Number         0  stm32f0xx_hal_flash_ex.o ABSOLUTE
    ../Drivers/STM32F0xx_HAL_Driver/Src/stm32f0xx_hal_gpio.c 0x00000000   Number         0  stm32f0xx_hal_gpio.o ABSOLUTE
    ../Drivers/STM32F0xx_HAL_Driver/Src/stm32f0xx_hal_i2c.c 0x00000000   Number         0  stm32f0xx_hal_i2c.o ABSOLUTE
    ../Drivers/STM32F0xx_HAL_Driver/Src/stm32f0xx_hal_i2c_ex.c 0x00000000   Number         0  stm32f0xx_hal_i2c_ex.o ABSOLUTE
    ../Drivers/STM32F0xx_HAL_Driver/Src/stm32f0xx_hal_pwr.c 0x00000000   Number         0  stm32f0xx_hal_pwr.o ABSOLUTE
    ../Drivers/STM32F0xx_HAL_Driver/Src/stm32f0xx_hal_pwr_ex.c 0x00000000   Number         0  stm32f0xx_hal_pwr_ex.o ABSOLUTE
    ../Drivers/STM32F0xx_HAL_Driver/Src/stm32f0xx_hal_rcc.c 0x00000000   Number         0  stm32f0xx_hal_rcc.o ABSOLUTE
    ../Drivers/STM32F0xx_HAL_Driver/Src/stm32f0xx_hal_rcc_ex.c 0x00000000   Number         0  stm32f0xx_hal_rcc_ex.o ABSOLUTE
    ../Drivers/STM32F0xx_HAL_Driver/Src/stm32f0xx_hal_tim.c 0x00000000   Number         0  stm32f0xx_hal_tim.o ABSOLUTE
    ../Drivers/STM32F0xx_HAL_Driver/Src/stm32f0xx_hal_tim_ex.c 0x00000000   Number         0  stm32f0xx_hal_tim_ex.o ABSOLUTE
    ../Drivers/STM32F0xx_HAL_Driver/Src/stm32f0xx_hal_uart.c 0x00000000   Number         0  stm32f0xx_hal_uart.o ABSOLUTE
    ../Drivers/STM32F0xx_HAL_Driver/Src/stm32f0xx_hal_uart_ex.c 0x00000000   Number         0  stm32f0xx_hal_uart_ex.o ABSOLUTE
    ../clib/microlib/division.c              0x00000000   Number         0  uldiv.o ABSOLUTE
    ../clib/microlib/division.c              0x00000000   Number         0  uidiv.o ABSOLUTE
    ../clib/microlib/init/entry.s            0x00000000   Number         0  entry9a.o ABSOLUTE
    ../clib/microlib/init/entry.s            0x00000000   Number         0  entry9b.o ABSOLUTE
    ../clib/microlib/init/entry.s            0x00000000   Number         0  entry10a.o ABSOLUTE
    ../clib/microlib/init/entry.s            0x00000000   Number         0  entry10b.o ABSOLUTE
    ../clib/microlib/init/entry.s            0x00000000   Number         0  entry11a.o ABSOLUTE
    ../clib/microlib/init/entry.s            0x00000000   Number         0  entry11b.o ABSOLUTE
    ../clib/microlib/init/entry.s            0x00000000   Number         0  entry12a.o ABSOLUTE
    ../clib/microlib/init/entry.s            0x00000000   Number         0  entry12b.o ABSOLUTE
    ../clib/microlib/init/entry.s            0x00000000   Number         0  entry2.o ABSOLUTE
    ../clib/microlib/init/entry.s            0x00000000   Number         0  entry.o ABSOLUTE
    ../clib/microlib/init/entry.s            0x00000000   Number         0  entry5.o ABSOLUTE
    ../clib/microlib/init/entry.s            0x00000000   Number         0  entry7a.o ABSOLUTE
    ../clib/microlib/init/entry.s            0x00000000   Number         0  entry7b.o ABSOLUTE
    ../clib/microlib/init/entry.s            0x00000000   Number         0  entry8a.o ABSOLUTE
    ../clib/microlib/init/entry.s            0x00000000   Number         0  entry8b.o ABSOLUTE
    ../clib/microlib/longlong.c              0x00000000   Number         0  llushr.o ABSOLUTE
    ../clib/microlib/longlong.c              0x00000000   Number         0  llshl.o ABSOLUTE
    ../clib/microlib/longlong.c              0x00000000   Number         0  llsshr.o ABSOLUTE
    ../clib/microlib/printf/printf.c         0x00000000   Number         0  printf2.o ABSOLUTE
    ../clib/microlib/printf/printf.c         0x00000000   Number         0  printf1.o ABSOLUTE
    ../clib/microlib/printf/printf.c         0x00000000   Number         0  printf0.o ABSOLUTE
    ../clib/microlib/printf/printf.c         0x00000000   Number         0  printf3.o ABSOLUTE
    ../clib/microlib/printf/printf.c         0x00000000   Number         0  printfb.o ABSOLUTE
    ../clib/microlib/printf/printf.c         0x00000000   Number         0  printfa.o ABSOLUTE
    ../clib/microlib/printf/printf.c         0x00000000   Number         0  printf8.o ABSOLUTE
    ../clib/microlib/printf/printf.c         0x00000000   Number         0  printf7.o ABSOLUTE
    ../clib/microlib/printf/printf.c         0x00000000   Number         0  printf6.o ABSOLUTE
    ../clib/microlib/printf/printf.c         0x00000000   Number         0  printf5.o ABSOLUTE
    ../clib/microlib/printf/printf.c         0x00000000   Number         0  printf4.o ABSOLUTE
    ../clib/microlib/printf/stubs.s          0x00000000   Number         0  stubs.o ABSOLUTE
    ../clib/microlib/stdio/fputc.c           0x00000000   Number         0  fputc.o ABSOLUTE
    ../clib/microlib/stdio/semi.s            0x00000000   Number         0  semi.o ABSOLUTE
    ../clib/microlib/stdio/streams.c         0x00000000   Number         0  stdout.o ABSOLUTE
    ../clib/microlib/string/memset.c         0x00000000   Number         0  memseta.o ABSOLUTE
    ../clib/microlib/stubs.s                 0x00000000   Number         0  iusefp.o ABSOLUTE
    ../clib/microlib/stubs.s                 0x00000000   Number         0  iusesemip.o ABSOLUTE
    ../fplib/microlib/fpadd.c                0x00000000   Number         0  dadd.o ABSOLUTE
    ../fplib/microlib/fpdiv.c                0x00000000   Number         0  ddiv.o ABSOLUTE
    ../fplib/microlib/fpepilogue.c           0x00000000   Number         0  depilogue.o ABSOLUTE
    ../fplib/microlib/fpfix.c                0x00000000   Number         0  dfixul.o ABSOLUTE
    ../fplib/microlib/fpmul.c                0x00000000   Number         0  dmul.o ABSOLUTE
    ..\Core\Src\loop.c                       0x00000000   Number         0  loop.o ABSOLUTE
    ..\Core\Src\main.c                       0x00000000   Number         0  main.o ABSOLUTE
    ..\Core\Src\stm32f0xx_hal_msp.c          0x00000000   Number         0  stm32f0xx_hal_msp.o ABSOLUTE
    ..\Core\Src\stm32f0xx_it.c               0x00000000   Number         0  stm32f0xx_it.o ABSOLUTE
    ..\Core\Src\system_stm32f0xx.c           0x00000000   Number         0  system_stm32f0xx.o ABSOLUTE
    ..\Drivers\STM32F0xx_HAL_Driver\Src\stm32f0xx_hal.c 0x00000000   Number         0  stm32f0xx_hal.o ABSOLUTE
    ..\Drivers\STM32F0xx_HAL_Driver\Src\stm32f0xx_hal_cortex.c 0x00000000   Number         0  stm32f0xx_hal_cortex.o ABSOLUTE
    ..\Drivers\STM32F0xx_HAL_Driver\Src\stm32f0xx_hal_dma.c 0x00000000   Number         0  stm32f0xx_hal_dma.o ABSOLUTE
    ..\Drivers\STM32F0xx_HAL_Driver\Src\stm32f0xx_hal_exti.c 0x00000000   Number         0  stm32f0xx_hal_exti.o ABSOLUTE
    ..\Drivers\STM32F0xx_HAL_Driver\Src\stm32f0xx_hal_flash.c 0x00000000   Number         0  stm32f0xx_hal_flash.o ABSOLUTE
    ..\Drivers\STM32F0xx_HAL_Driver\Src\stm32f0xx_hal_flash_ex.c 0x00000000   Number         0  stm32f0xx_hal_flash_ex.o ABSOLUTE
    ..\Drivers\STM32F0xx_HAL_Driver\Src\stm32f0xx_hal_gpio.c 0x00000000   Number         0  stm32f0xx_hal_gpio.o ABSOLUTE
    ..\Drivers\STM32F0xx_HAL_Driver\Src\stm32f0xx_hal_i2c.c 0x00000000   Number         0  stm32f0xx_hal_i2c.o ABSOLUTE
    ..\Drivers\STM32F0xx_HAL_Driver\Src\stm32f0xx_hal_i2c_ex.c 0x00000000   Number         0  stm32f0xx_hal_i2c_ex.o ABSOLUTE
    ..\Drivers\STM32F0xx_HAL_Driver\Src\stm32f0xx_hal_iwdg.c 0x00000000   Number         0  stm32f0xx_hal_iwdg.o ABSOLUTE
    ..\Drivers\STM32F0xx_HAL_Driver\Src\stm32f0xx_hal_pwr.c 0x00000000   Number         0  stm32f0xx_hal_pwr.o ABSOLUTE
    ..\Drivers\STM32F0xx_HAL_Driver\Src\stm32f0xx_hal_pwr_ex.c 0x00000000   Number         0  stm32f0xx_hal_pwr_ex.o ABSOLUTE
    ..\Drivers\STM32F0xx_HAL_Driver\Src\stm32f0xx_hal_rcc.c 0x00000000   Number         0  stm32f0xx_hal_rcc.o ABSOLUTE
    ..\Drivers\STM32F0xx_HAL_Driver\Src\stm32f0xx_hal_rcc_ex.c 0x00000000   Number         0  stm32f0xx_hal_rcc_ex.o ABSOLUTE
    ..\Drivers\STM32F0xx_HAL_Driver\Src\stm32f0xx_hal_tim.c 0x00000000   Number         0  stm32f0xx_hal_tim.o ABSOLUTE
    ..\Drivers\STM32F0xx_HAL_Driver\Src\stm32f0xx_hal_tim_ex.c 0x00000000   Number         0  stm32f0xx_hal_tim_ex.o ABSOLUTE
    ..\Drivers\STM32F0xx_HAL_Driver\Src\stm32f0xx_hal_uart.c 0x00000000   Number         0  stm32f0xx_hal_uart.o ABSOLUTE
    ..\Drivers\STM32F0xx_HAL_Driver\Src\stm32f0xx_hal_uart_ex.c 0x00000000   Number         0  stm32f0xx_hal_uart_ex.o ABSOLUTE
    ..\EEPROM\EEPROM.c                       0x00000000   Number         0  eeprom.o ABSOLUTE
    ..\StepperMotor_Driver\StepperDriver.c   0x00000000   Number         0  stepperdriver.o ABSOLUTE
    ..\\Core\\Src\\loop.c                    0x00000000   Number         0  loop.o ABSOLUTE
    ..\\Drivers\\STM32F0xx_HAL_Driver\\Src\\stm32f0xx_hal_iwdg.c 0x00000000   Number         0  stm32f0xx_hal_iwdg.o ABSOLUTE
    ..\\EEPROM\\EEPROM.c                     0x00000000   Number         0  eeprom.o ABSOLUTE
    ..\\StepperMotor_Driver\\StepperDriver.c 0x00000000   Number         0  stepperdriver.o ABSOLUTE
    cdrcmple.s                               0x00000000   Number         0  cdrcmple.o ABSOLUTE
    dc.s                                     0x00000000   Number         0  dc.o ABSOLUTE
    handlers.s                               0x00000000   Number         0  handlers.o ABSOLUTE
    init.s                                   0x00000000   Number         0  init.o ABSOLUTE
    startup_stm32f030x6.s                    0x00000000   Number         0  startup_stm32f030x6.o ABSOLUTE
    RESET                                    0x08000000   Section      176  startup_stm32f030x6.o(RESET)
    .ARM.Collect$$$$00000000                 0x080000b0   Section        0  entry.o(.ARM.Collect$$$$00000000)
    .ARM.Collect$$$$00000001                 0x080000b0   Section        4  entry2.o(.ARM.Collect$$$$00000001)
    .ARM.Collect$$$$00000004                 0x080000b4   Section        4  entry5.o(.ARM.Collect$$$$00000004)
    .ARM.Collect$$$$00000008                 0x080000b8   Section        0  entry7b.o(.ARM.Collect$$$$00000008)
    .ARM.Collect$$$$0000000A                 0x080000b8   Section        0  entry8b.o(.ARM.Collect$$$$0000000A)
    .ARM.Collect$$$$0000000B                 0x080000b8   Section        8  entry9a.o(.ARM.Collect$$$$0000000B)
    .ARM.Collect$$$$0000000E                 0x080000c0   Section        4  entry12b.o(.ARM.Collect$$$$0000000E)
    .ARM.Collect$$$$0000000F                 0x080000c4   Section        0  entry10a.o(.ARM.Collect$$$$0000000F)
    .ARM.Collect$$$$00000011                 0x080000c4   Section        0  entry11a.o(.ARM.Collect$$$$00000011)
    .ARM.Collect$$$$00002712                 0x080000c4   Section        4  entry2.o(.ARM.Collect$$$$00002712)
    __lit__00000000                          0x080000c4   Data           4  entry2.o(.ARM.Collect$$$$00002712)
    .text                                    0x080000c8   Section       28  startup_stm32f030x6.o(.text)
    .text                                    0x080000e4   Section        0  uidiv.o(.text)
    .text                                    0x08000110   Section        0  uldiv.o(.text)
    .text                                    0x08000170   Section        0  llushr.o(.text)
    .text                                    0x08000192   Section        0  memseta.o(.text)
    .text                                    0x080001b6   Section        0  llshl.o(.text)
    .text                                    0x080001d8   Section       36  init.o(.text)
    i.EXTI0_1_IRQHandler                     0x080001fc   Section        0  stm32f0xx_it.o(i.EXTI0_1_IRQHandler)
    i.EXTI2_3_IRQHandler                     0x08000206   Section        0  stm32f0xx_it.o(i.EXTI2_3_IRQHandler)
    i.EXTI4_15_IRQHandler                    0x08000210   Section        0  stm32f0xx_it.o(i.EXTI4_15_IRQHandler)
    i.GPIO_Init                              0x0800022c   Section        0  main.o(i.GPIO_Init)
    GPIO_Init                                0x0800022d   Thumb Code   318  main.o(i.GPIO_Init)
    i.HAL_DMA_Abort                          0x08000374   Section        0  stm32f0xx_hal_dma.o(i.HAL_DMA_Abort)
    i.HAL_DMA_Abort_IT                       0x080003b4   Section        0  stm32f0xx_hal_dma.o(i.HAL_DMA_Abort_IT)
    i.HAL_Delay                              0x080003fc   Section        0  stm32f0xx_hal.o(i.HAL_Delay)
    i.HAL_GPIO_EXTI_Callback                 0x08000420   Section        0  loop.o(i.HAL_GPIO_EXTI_Callback)
    i.HAL_GPIO_EXTI_IRQHandler               0x08000490   Section        0  stm32f0xx_hal_gpio.o(i.HAL_GPIO_EXTI_IRQHandler)
    i.HAL_GPIO_Init                          0x080004a8   Section        0  stm32f0xx_hal_gpio.o(i.HAL_GPIO_Init)
    i.HAL_GPIO_TogglePin                     0x0800064c   Section        0  stm32f0xx_hal_gpio.o(i.HAL_GPIO_TogglePin)
    i.HAL_GPIO_WritePin                      0x0800065c   Section        0  stm32f0xx_hal_gpio.o(i.HAL_GPIO_WritePin)
    i.HAL_GetTick                            0x08000668   Section        0  stm32f0xx_hal.o(i.HAL_GetTick)
    i.HAL_I2C_Init                           0x08000674   Section        0  stm32f0xx_hal_i2c.o(i.HAL_I2C_Init)
    i.HAL_I2C_Mem_Read                       0x08000728   Section        0  stm32f0xx_hal_i2c.o(i.HAL_I2C_Mem_Read)
    i.HAL_I2C_Mem_Write                      0x0800087c   Section        0  stm32f0xx_hal_i2c.o(i.HAL_I2C_Mem_Write)
    i.HAL_I2C_MspInit                        0x080009c8   Section        0  stm32f0xx_hal_msp.o(i.HAL_I2C_MspInit)
    i.HAL_IWDG_Init                          0x080009cc   Section        0  stm32f0xx_hal_iwdg.o(i.HAL_IWDG_Init)
    i.HAL_IWDG_Refresh                       0x08000a38   Section        0  stm32f0xx_hal_iwdg.o(i.HAL_IWDG_Refresh)
    i.HAL_IncTick                            0x08000a48   Section        0  stm32f0xx_hal.o(i.HAL_IncTick)
    i.HAL_Init                               0x08000a58   Section        0  stm32f0xx_hal.o(i.HAL_Init)
    i.HAL_InitTick                           0x08000a78   Section        0  stm32f0xx_hal.o(i.HAL_InitTick)
    i.HAL_MspInit                            0x08000abc   Section        0  stm32f0xx_hal_msp.o(i.HAL_MspInit)
    i.HAL_NVIC_EnableIRQ                     0x08000ac0   Section        0  stm32f0xx_hal_cortex.o(i.HAL_NVIC_EnableIRQ)
    i.HAL_NVIC_SetPriority                   0x08000ad8   Section        0  stm32f0xx_hal_cortex.o(i.HAL_NVIC_SetPriority)
    i.HAL_RCCEx_PeriphCLKConfig              0x08000ae0   Section        0  stm32f0xx_hal_rcc_ex.o(i.HAL_RCCEx_PeriphCLKConfig)
    i.HAL_RCC_ClockConfig                    0x08000bc8   Section        0  stm32f0xx_hal_rcc.o(i.HAL_RCC_ClockConfig)
    i.HAL_RCC_GetPCLK1Freq                   0x08000cd0   Section        0  stm32f0xx_hal_rcc.o(i.HAL_RCC_GetPCLK1Freq)
    i.HAL_RCC_GetSysClockFreq                0x08000cf0   Section        0  stm32f0xx_hal_rcc.o(i.HAL_RCC_GetSysClockFreq)
    i.HAL_RCC_OscConfig                      0x08000d70   Section        0  stm32f0xx_hal_rcc.o(i.HAL_RCC_OscConfig)
    i.HAL_SYSTICK_Config                     0x080010f8   Section        0  stm32f0xx_hal_cortex.o(i.HAL_SYSTICK_Config)
    i.HAL_TIMEx_BreakCallback                0x08001128   Section        0  stm32f0xx_hal_tim_ex.o(i.HAL_TIMEx_BreakCallback)
    i.HAL_TIMEx_CommutCallback               0x0800112a   Section        0  stm32f0xx_hal_tim_ex.o(i.HAL_TIMEx_CommutCallback)
    i.HAL_TIM_Base_Init                      0x0800112c   Section        0  stm32f0xx_hal_tim.o(i.HAL_TIM_Base_Init)
    i.HAL_TIM_Base_MspInit                   0x08001174   Section        0  stm32f0xx_hal_tim.o(i.HAL_TIM_Base_MspInit)
    i.HAL_TIM_Base_Start_IT                  0x08001178   Section        0  stm32f0xx_hal_tim.o(i.HAL_TIM_Base_Start_IT)
    i.HAL_TIM_Base_Stop_IT                   0x080011c0   Section        0  stm32f0xx_hal_tim.o(i.HAL_TIM_Base_Stop_IT)
    i.HAL_TIM_IC_CaptureCallback             0x080011f4   Section        0  stm32f0xx_hal_tim.o(i.HAL_TIM_IC_CaptureCallback)
    i.HAL_TIM_IRQHandler                     0x080011f6   Section        0  stm32f0xx_hal_tim.o(i.HAL_TIM_IRQHandler)
    i.HAL_TIM_OC_DelayElapsedCallback        0x08001358   Section        0  stm32f0xx_hal_tim.o(i.HAL_TIM_OC_DelayElapsedCallback)
    i.HAL_TIM_PWM_PulseFinishedCallback      0x0800135a   Section        0  stm32f0xx_hal_tim.o(i.HAL_TIM_PWM_PulseFinishedCallback)
    i.HAL_TIM_PeriodElapsedCallback          0x0800135c   Section        0  loop.o(i.HAL_TIM_PeriodElapsedCallback)
    i.HAL_TIM_TriggerCallback                0x08001384   Section        0  stm32f0xx_hal_tim.o(i.HAL_TIM_TriggerCallback)
    i.HAL_UARTEx_RxEventCallback             0x08001386   Section        0  stm32f0xx_hal_uart.o(i.HAL_UARTEx_RxEventCallback)
    i.HAL_UART_AbortReceiveCpltCallback      0x08001388   Section        0  stm32f0xx_hal_uart.o(i.HAL_UART_AbortReceiveCpltCallback)
    i.HAL_UART_AbortReceive_IT               0x0800138c   Section        0  stm32f0xx_hal_uart.o(i.HAL_UART_AbortReceive_IT)
    i.HAL_UART_ErrorCallback                 0x08001454   Section        0  stm32f0xx_hal_uart.o(i.HAL_UART_ErrorCallback)
    i.HAL_UART_IRQHandler                    0x08001458   Section        0  stm32f0xx_hal_uart.o(i.HAL_UART_IRQHandler)
    i.HAL_UART_Init                          0x080016e4   Section        0  stm32f0xx_hal_uart.o(i.HAL_UART_Init)
    i.HAL_UART_MspInit                       0x0800174e   Section        0  stm32f0xx_hal_msp.o(i.HAL_UART_MspInit)
    i.HAL_UART_Receive_IT                    0x08001750   Section        0  stm32f0xx_hal_uart.o(i.HAL_UART_Receive_IT)
    i.HAL_UART_RxCpltCallback                0x080017b4   Section        0  loop.o(i.HAL_UART_RxCpltCallback)
    i.HAL_UART_Transmit                      0x080017c0   Section        0  stm32f0xx_hal_uart.o(i.HAL_UART_Transmit)
    i.HAL_UART_TxCpltCallback                0x08001892   Section        0  stm32f0xx_hal_uart.o(i.HAL_UART_TxCpltCallback)
    i.HardFault_Handler                      0x08001894   Section        0  stm32f0xx_it.o(i.HardFault_Handler)
    i.I2C1_Init                              0x08001898   Section        0  main.o(i.I2C1_Init)
    I2C1_Init                                0x08001899   Thumb Code    64  main.o(i.I2C1_Init)
    i.I2C_Flush_TXDR                         0x080018e4   Section        0  stm32f0xx_hal_i2c.o(i.I2C_Flush_TXDR)
    I2C_Flush_TXDR                           0x080018e5   Thumb Code    34  stm32f0xx_hal_i2c.o(i.I2C_Flush_TXDR)
    i.I2C_IsAcknowledgeFailed                0x08001908   Section        0  stm32f0xx_hal_i2c.o(i.I2C_IsAcknowledgeFailed)
    I2C_IsAcknowledgeFailed                  0x08001909   Thumb Code   130  stm32f0xx_hal_i2c.o(i.I2C_IsAcknowledgeFailed)
    i.I2C_RequestMemoryRead                  0x08001990   Section        0  stm32f0xx_hal_i2c.o(i.I2C_RequestMemoryRead)
    I2C_RequestMemoryRead                    0x08001991   Thumb Code    92  stm32f0xx_hal_i2c.o(i.I2C_RequestMemoryRead)
    i.I2C_RequestMemoryWrite                 0x080019f0   Section        0  stm32f0xx_hal_i2c.o(i.I2C_RequestMemoryWrite)
    I2C_RequestMemoryWrite                   0x080019f1   Thumb Code    92  stm32f0xx_hal_i2c.o(i.I2C_RequestMemoryWrite)
    i.I2C_TransferConfig                     0x08001a50   Section        0  stm32f0xx_hal_i2c.o(i.I2C_TransferConfig)
    I2C_TransferConfig                       0x08001a51   Thumb Code    34  stm32f0xx_hal_i2c.o(i.I2C_TransferConfig)
    i.I2C_WaitOnFlagUntilTimeout             0x08001a78   Section        0  stm32f0xx_hal_i2c.o(i.I2C_WaitOnFlagUntilTimeout)
    I2C_WaitOnFlagUntilTimeout               0x08001a79   Thumb Code    78  stm32f0xx_hal_i2c.o(i.I2C_WaitOnFlagUntilTimeout)
    i.I2C_WaitOnSTOPFlagUntilTimeout         0x08001ac6   Section        0  stm32f0xx_hal_i2c.o(i.I2C_WaitOnSTOPFlagUntilTimeout)
    I2C_WaitOnSTOPFlagUntilTimeout           0x08001ac7   Thumb Code    76  stm32f0xx_hal_i2c.o(i.I2C_WaitOnSTOPFlagUntilTimeout)
    i.I2C_WaitOnTXISFlagUntilTimeout         0x08001b12   Section        0  stm32f0xx_hal_i2c.o(i.I2C_WaitOnTXISFlagUntilTimeout)
    I2C_WaitOnTXISFlagUntilTimeout           0x08001b13   Thumb Code    80  stm32f0xx_hal_i2c.o(i.I2C_WaitOnTXISFlagUntilTimeout)
    i.Motor_Timer_Handler                    0x08001b64   Section        0  stepperdriver.o(i.Motor_Timer_Handler)
    i.NMI_Handler                            0x08001c88   Section        0  stm32f0xx_it.o(i.NMI_Handler)
    i.ParseToInt                             0x08001c8c   Section        0  loop.o(i.ParseToInt)
    i.ParseToIntXY                           0x08001cf4   Section        0  loop.o(i.ParseToIntXY)
    i.PendSV_Handler                         0x08001d50   Section        0  stm32f0xx_it.o(i.PendSV_Handler)
    i.SVC_Handler                            0x08001d52   Section        0  stm32f0xx_it.o(i.SVC_Handler)
    i.SysTick_Handler                        0x08001d54   Section        0  stm32f0xx_it.o(i.SysTick_Handler)
    i.SystemClock_Config                     0x08001d5c   Section        0  main.o(i.SystemClock_Config)
    i.SystemInit                             0x08001df4   Section        0  system_stm32f0xx.o(i.SystemInit)
    i.TIM14_IRQHandler                       0x08001df8   Section        0  stm32f0xx_it.o(i.TIM14_IRQHandler)
    i.TIM14_Init                             0x08001e08   Section        0  main.o(i.TIM14_Init)
    TIM14_Init                               0x08001e09   Thumb Code    62  main.o(i.TIM14_Init)
    i.TIM16_IRQHandler                       0x08001e58   Section        0  stm32f0xx_it.o(i.TIM16_IRQHandler)
    i.TIM16_Init                             0x08001e68   Section        0  main.o(i.TIM16_Init)
    TIM16_Init                               0x08001e69   Thumb Code    64  main.o(i.TIM16_Init)
    i.TIM17_IRQHandler                       0x08001eb8   Section        0  stm32f0xx_it.o(i.TIM17_IRQHandler)
    i.TIM17_Init                             0x08001ec8   Section        0  main.o(i.TIM17_Init)
    TIM17_Init                               0x08001ec9   Thumb Code    64  main.o(i.TIM17_Init)
    i.TIM_Base_SetConfig                     0x08001f14   Section        0  stm32f0xx_hal_tim.o(i.TIM_Base_SetConfig)
    i.UART_AdvFeatureConfig                  0x08001f8c   Section        0  stm32f0xx_hal_uart.o(i.UART_AdvFeatureConfig)
    i.UART_CheckIdleState                    0x08002058   Section        0  stm32f0xx_hal_uart.o(i.UART_CheckIdleState)
    i.UART_DMAAbortOnError                   0x080020bc   Section        0  stm32f0xx_hal_uart.o(i.UART_DMAAbortOnError)
    UART_DMAAbortOnError                     0x080020bd   Thumb Code    20  stm32f0xx_hal_uart.o(i.UART_DMAAbortOnError)
    i.UART_DMARxOnlyAbortCallback            0x080020d0   Section        0  stm32f0xx_hal_uart.o(i.UART_DMARxOnlyAbortCallback)
    UART_DMARxOnlyAbortCallback              0x080020d1   Thumb Code    38  stm32f0xx_hal_uart.o(i.UART_DMARxOnlyAbortCallback)
    i.UART_EndRxTransfer                     0x080020f6   Section        0  stm32f0xx_hal_uart.o(i.UART_EndRxTransfer)
    UART_EndRxTransfer                       0x080020f7   Thumb Code    94  stm32f0xx_hal_uart.o(i.UART_EndRxTransfer)
    i.UART_RxISR_16BIT                       0x08002154   Section        0  stm32f0xx_hal_uart.o(i.UART_RxISR_16BIT)
    UART_RxISR_16BIT                         0x08002155   Thumb Code   168  stm32f0xx_hal_uart.o(i.UART_RxISR_16BIT)
    i.UART_RxISR_8BIT                        0x080021fc   Section        0  stm32f0xx_hal_uart.o(i.UART_RxISR_8BIT)
    UART_RxISR_8BIT                          0x080021fd   Thumb Code   168  stm32f0xx_hal_uart.o(i.UART_RxISR_8BIT)
    i.UART_SetConfig                         0x080022a4   Section        0  stm32f0xx_hal_uart.o(i.UART_SetConfig)
    i.UART_Start_Receive_IT                  0x080023c0   Section        0  stm32f0xx_hal_uart.o(i.UART_Start_Receive_IT)
    i.UART_WaitOnFlagUntilTimeout            0x0800245c   Section        0  stm32f0xx_hal_uart.o(i.UART_WaitOnFlagUntilTimeout)
    i.USART1_IRQHandler                      0x08002530   Section        0  stm32f0xx_it.o(i.USART1_IRQHandler)
    i.USART1_UART_Init                       0x08002540   Section        0  main.o(i.USART1_UART_Init)
    USART1_UART_Init                         0x08002541   Thumb Code    82  main.o(i.USART1_UART_Init)
    i.__0sprintf$1                           0x080025a0   Section        0  printf1.o(i.__0sprintf$1)
    i.__ARM_common_ll_muluu                  0x080025c8   Section        0  stm32f0xx_hal_rcc.o(i.__ARM_common_ll_muluu)
    i.__NVIC_SetPriority                     0x080025f8   Section        0  stm32f0xx_hal_cortex.o(i.__NVIC_SetPriority)
    __NVIC_SetPriority                       0x080025f9   Thumb Code    60  stm32f0xx_hal_cortex.o(i.__NVIC_SetPriority)
    i.__scatterload_copy                     0x0800263c   Section       14  handlers.o(i.__scatterload_copy)
    i.__scatterload_null                     0x0800264a   Section        2  handlers.o(i.__scatterload_null)
    i.__scatterload_zeroinit                 0x0800264c   Section       14  handlers.o(i.__scatterload_zeroinit)
    i._printf_core                           0x0800265c   Section        0  printf1.o(i._printf_core)
    _printf_core                             0x0800265d   Thumb Code   332  printf1.o(i._printf_core)
    i._sputc                                 0x080027ac   Section        0  printf1.o(i._sputc)
    _sputc                                   0x080027ad   Thumb Code    10  printf1.o(i._sputc)
    i.auto_mode_az_calculation               0x080027b8   Section        0  loop.o(i.auto_mode_az_calculation)
    i.auto_mode_el_calculation               0x080027fc   Section        0  loop.o(i.auto_mode_el_calculation)
    i.calculation                            0x08002840   Section        0  loop.o(i.calculation)
    i.create_message                         0x08002938   Section        0  loop.o(i.create_message)
    i.error                                  0x080029dc   Section        0  loop.o(i.error)
    i.limiter_break_az                       0x080029f4   Section        0  loop.o(i.limiter_break_az)
    i.limiter_break_el                       0x08002a24   Section        0  loop.o(i.limiter_break_el)
    i.main                                   0x08002a54   Section        0  main.o(i.main)
    i.mem_read32                             0x08002aa0   Section        0  eeprom.o(i.mem_read32)
    i.mem_write32                            0x08002ad4   Section        0  eeprom.o(i.mem_write32)
    i.motor_AZ_acceleration                  0x08002b04   Section        0  stepperdriver.o(i.motor_AZ_acceleration)
    i.motor_EL_acceleration                  0x08002bb8   Section        0  stepperdriver.o(i.motor_EL_acceleration)
    i.motor_move                             0x08002c6c   Section        0  stepperdriver.o(i.motor_move)
    i.motor_move_joystick_AZ                 0x08002cbc   Section        0  stepperdriver.o(i.motor_move_joystick_AZ)
    i.motor_move_joystick_EL                 0x08002e84   Section        0  stepperdriver.o(i.motor_move_joystick_EL)
    i.motor_one_step                         0x08002ff0   Section        0  stepperdriver.o(i.motor_one_step)
    i.motor_set_direction                    0x080030a8   Section        0  stepperdriver.o(i.motor_set_direction)
    i.motor_set_stepping_mode                0x080030cc   Section        0  stepperdriver.o(i.motor_set_stepping_mode)
    i.motor_stop                             0x080030e4   Section        0  stepperdriver.o(i.motor_stop)
    i.read_message                           0x08003164   Section        0  loop.o(i.read_message)
    i.recieve_from_ppu                       0x080031d0   Section        0  loop.o(i.recieve_from_ppu)
    i.superloop                              0x0800324c   Section        0  loop.o(i.superloop)
    i.transmit_to_ppu                        0x08003294   Section        0  loop.o(i.transmit_to_ppu)
    i.update_data_auto_mode_az               0x080032e8   Section        0  stepperdriver.o(i.update_data_auto_mode_az)
    i.update_data_auto_mode_el               0x08003328   Section        0  stepperdriver.o(i.update_data_auto_mode_el)
    i.write_in_eeprom                        0x08003350   Section        0  loop.o(i.write_in_eeprom)
    .constdata                               0x0800337c   Section        8  loop.o(.constdata)
    .constdata                               0x08003384   Section       16  system_stm32f0xx.o(.constdata)
    .constdata                               0x08003394   Section        8  system_stm32f0xx.o(.constdata)
    .data                                    0x20000000   Section      172  loop.o(.data)
    .data                                    0x200000ac   Section        1  loop.o(.data)
    .data                                    0x200000ad   Section        1  loop.o(.data)
    .data                                    0x200000b0   Section       12  stm32f0xx_hal.o(.data)
    .data                                    0x200000bc   Section        4  system_stm32f0xx.o(.data)
    .data                                    0x200000c0   Section      104  stepperdriver.o(.data)
    step_az                                  0x200000c8   Data           4  stepperdriver.o(.data)
    step_el                                  0x200000cc   Data           4  stepperdriver.o(.data)
    BIPOLAR_WD_PATTERN                       0x200000d8   Data          16  stepperdriver.o(.data)
    BIPOLAR_HD_PATTERN                       0x200000e8   Data          64  stepperdriver.o(.data)
    .bss                                     0x20000128   Section      440  main.o(.bss)
    .bss                                     0x200002e0   Section       10  loop.o(.bss)
    STACK                                    0x200002f0   Section     1024  startup_stm32f030x6.o(STACK)

    Global Symbols

    Symbol Name                              Value     Ov Type        Size  Object(Section)

    BuildAttributes$$THM_ISAv3M$S$PE$A:L22$X:L11$S22$IEEE1$IW$USESV6$~STKCKD$USESV7$~SHL$OSPACE$ROPI$EBA8$MICROLIB$REQ8$PRES8$EABIv2 0x00000000   Number         0  anon$$obj.o ABSOLUTE
    __ARM_use_no_argv                        0x00000000   Number         0  main.o ABSOLUTE
    _printf_a                                0x00000000   Number         0  stubs.o ABSOLUTE
    _printf_c                                0x00000000   Number         0  stubs.o ABSOLUTE
    _printf_charcount                        0x00000000   Number         0  stubs.o ABSOLUTE
    _printf_d                                0x00000000   Number         0  stubs.o ABSOLUTE
    _printf_e                                0x00000000   Number         0  stubs.o ABSOLUTE
    _printf_f                                0x00000000   Number         0  stubs.o ABSOLUTE
    _printf_flags                            0x00000000   Number         0  stubs.o ABSOLUTE
    _printf_fp_dec                           0x00000000   Number         0  stubs.o ABSOLUTE
    _printf_fp_hex                           0x00000000   Number         0  stubs.o ABSOLUTE
    _printf_g                                0x00000000   Number         0  stubs.o ABSOLUTE
    _printf_i                                0x00000000   Number         0  stubs.o ABSOLUTE
    _printf_int_dec                          0x00000000   Number         0  stubs.o ABSOLUTE
    _printf_l                                0x00000000   Number         0  stubs.o ABSOLUTE
    _printf_lc                               0x00000000   Number         0  stubs.o ABSOLUTE
    _printf_ll                               0x00000000   Number         0  stubs.o ABSOLUTE
    _printf_lld                              0x00000000   Number         0  stubs.o ABSOLUTE
    _printf_lli                              0x00000000   Number         0  stubs.o ABSOLUTE
    _printf_llo                              0x00000000   Number         0  stubs.o ABSOLUTE
    _printf_llu                              0x00000000   Number         0  stubs.o ABSOLUTE
    _printf_llx                              0x00000000   Number         0  stubs.o ABSOLUTE
    _printf_longlong_dec                     0x00000000   Number         0  stubs.o ABSOLUTE
    _printf_longlong_hex                     0x00000000   Number         0  stubs.o ABSOLUTE
    _printf_longlong_oct                     0x00000000   Number         0  stubs.o ABSOLUTE
    _printf_ls                               0x00000000   Number         0  stubs.o ABSOLUTE
    _printf_mbtowc                           0x00000000   Number         0  stubs.o ABSOLUTE
    _printf_n                                0x00000000   Number         0  stubs.o ABSOLUTE
    _printf_o                                0x00000000   Number         0  stubs.o ABSOLUTE
    _printf_p                                0x00000000   Number         0  stubs.o ABSOLUTE
    _printf_percent                          0x00000000   Number         0  stubs.o ABSOLUTE
    _printf_pre_padding                      0x00000000   Number         0  stubs.o ABSOLUTE
    _printf_return_value                     0x00000000   Number         0  stubs.o ABSOLUTE
    _printf_s                                0x00000000   Number         0  stubs.o ABSOLUTE
    _printf_sizespec                         0x00000000   Number         0  stubs.o ABSOLUTE
    _printf_str                              0x00000000   Number         0  stubs.o ABSOLUTE
    _printf_truncate_signed                  0x00000000   Number         0  stubs.o ABSOLUTE
    _printf_truncate_unsigned                0x00000000   Number         0  stubs.o ABSOLUTE
    _printf_u                                0x00000000   Number         0  stubs.o ABSOLUTE
    _printf_wc                               0x00000000   Number         0  stubs.o ABSOLUTE
    _printf_wctomb                           0x00000000   Number         0  stubs.o ABSOLUTE
    _printf_widthprec                        0x00000000   Number         0  stubs.o ABSOLUTE
    _printf_x                                0x00000000   Number         0  stubs.o ABSOLUTE
    __arm_fini_                               - Undefined Weak Reference
    __cpp_initialize__aeabi_                  - Undefined Weak Reference
    __cxa_finalize                            - Undefined Weak Reference
    __decompress                              - Undefined Weak Reference
    _clock_init                               - Undefined Weak Reference
    _microlib_exit                            - Undefined Weak Reference
    __Vectors_Size                           0x000000b0   Number         0  startup_stm32f030x6.o ABSOLUTE
    __Vectors                                0x08000000   Data           4  startup_stm32f030x6.o(RESET)
    __Vectors_End                            0x080000b0   Data           0  startup_stm32f030x6.o(RESET)
    __main                                   0x080000b1   Thumb Code     0  entry.o(.ARM.Collect$$$$00000000)
    _main_stk                                0x080000b1   Thumb Code     0  entry2.o(.ARM.Collect$$$$00000001)
    _main_scatterload                        0x080000b5   Thumb Code     0  entry5.o(.ARM.Collect$$$$00000004)
    __main_after_scatterload                 0x080000b9   Thumb Code     0  entry5.o(.ARM.Collect$$$$00000004)
    _main_clock                              0x080000b9   Thumb Code     0  entry7b.o(.ARM.Collect$$$$00000008)
    _main_cpp_init                           0x080000b9   Thumb Code     0  entry8b.o(.ARM.Collect$$$$0000000A)
    _main_init                               0x080000b9   Thumb Code     0  entry9a.o(.ARM.Collect$$$$0000000B)
    __rt_lib_shutdown_fini                   0x080000c1   Thumb Code     0  entry12b.o(.ARM.Collect$$$$0000000E)
    __rt_final_cpp                           0x080000c5   Thumb Code     0  entry10a.o(.ARM.Collect$$$$0000000F)
    __rt_final_exit                          0x080000c5   Thumb Code     0  entry11a.o(.ARM.Collect$$$$00000011)
    Reset_Handler                            0x080000c9   Thumb Code     8  startup_stm32f030x6.o(.text)
    ADC1_IRQHandler                          0x080000db   Thumb Code     0  startup_stm32f030x6.o(.text)
    DMA1_Channel1_IRQHandler                 0x080000db   Thumb Code     0  startup_stm32f030x6.o(.text)
    DMA1_Channel2_3_IRQHandler               0x080000db   Thumb Code     0  startup_stm32f030x6.o(.text)
    DMA1_Channel4_5_IRQHandler               0x080000db   Thumb Code     0  startup_stm32f030x6.o(.text)
    FLASH_IRQHandler                         0x080000db   Thumb Code     0  startup_stm32f030x6.o(.text)
    I2C1_IRQHandler                          0x080000db   Thumb Code     0  startup_stm32f030x6.o(.text)
    RCC_IRQHandler                           0x080000db   Thumb Code     0  startup_stm32f030x6.o(.text)
    RTC_IRQHandler                           0x080000db   Thumb Code     0  startup_stm32f030x6.o(.text)
    SPI1_IRQHandler                          0x080000db   Thumb Code     0  startup_stm32f030x6.o(.text)
    TIM1_BRK_UP_TRG_COM_IRQHandler           0x080000db   Thumb Code     0  startup_stm32f030x6.o(.text)
    TIM1_CC_IRQHandler                       0x080000db   Thumb Code     0  startup_stm32f030x6.o(.text)
    TIM3_IRQHandler                          0x080000db   Thumb Code     0  startup_stm32f030x6.o(.text)
    WWDG_IRQHandler                          0x080000db   Thumb Code     0  startup_stm32f030x6.o(.text)
    __aeabi_uidiv                            0x080000e5   Thumb Code     0  uidiv.o(.text)
    __aeabi_uidivmod                         0x080000e5   Thumb Code    44  uidiv.o(.text)
    __aeabi_uldivmod                         0x08000111   Thumb Code    96  uldiv.o(.text)
    __aeabi_llsr                             0x08000171   Thumb Code    34  llushr.o(.text)
    _ll_ushift_r                             0x08000171   Thumb Code     0  llushr.o(.text)
    __aeabi_memset                           0x08000193   Thumb Code    14  memseta.o(.text)
    __aeabi_memset4                          0x08000193   Thumb Code     0  memseta.o(.text)
    __aeabi_memset8                          0x08000193   Thumb Code     0  memseta.o(.text)
    __aeabi_memclr                           0x080001a1   Thumb Code     4  memseta.o(.text)
    __aeabi_memclr4                          0x080001a1   Thumb Code     0  memseta.o(.text)
    __aeabi_memclr8                          0x080001a1   Thumb Code     0  memseta.o(.text)
    _memset$wrapper                          0x080001a5   Thumb Code    18  memseta.o(.text)
    __aeabi_llsl                             0x080001b7   Thumb Code    32  llshl.o(.text)
    _ll_shift_l                              0x080001b7   Thumb Code     0  llshl.o(.text)
    __scatterload                            0x080001d9   Thumb Code    28  init.o(.text)
    __scatterload_rt2                        0x080001d9   Thumb Code     0  init.o(.text)
    EXTI0_1_IRQHandler                       0x080001fd   Thumb Code    10  stm32f0xx_it.o(i.EXTI0_1_IRQHandler)
    EXTI2_3_IRQHandler                       0x08000207   Thumb Code    10  stm32f0xx_it.o(i.EXTI2_3_IRQHandler)
    EXTI4_15_IRQHandler                      0x08000211   Thumb Code    26  stm32f0xx_it.o(i.EXTI4_15_IRQHandler)
    HAL_DMA_Abort                            0x08000375   Thumb Code    64  stm32f0xx_hal_dma.o(i.HAL_DMA_Abort)
    HAL_DMA_Abort_IT                         0x080003b5   Thumb Code    72  stm32f0xx_hal_dma.o(i.HAL_DMA_Abort_IT)
    HAL_Delay                                0x080003fd   Thumb Code    32  stm32f0xx_hal.o(i.HAL_Delay)
    HAL_GPIO_EXTI_Callback                   0x08000421   Thumb Code   102  loop.o(i.HAL_GPIO_EXTI_Callback)
    HAL_GPIO_EXTI_IRQHandler                 0x08000491   Thumb Code    18  stm32f0xx_hal_gpio.o(i.HAL_GPIO_EXTI_IRQHandler)
    HAL_GPIO_Init                            0x080004a9   Thumb Code   396  stm32f0xx_hal_gpio.o(i.HAL_GPIO_Init)
    HAL_GPIO_TogglePin                       0x0800064d   Thumb Code    16  stm32f0xx_hal_gpio.o(i.HAL_GPIO_TogglePin)
    HAL_GPIO_WritePin                        0x0800065d   Thumb Code    12  stm32f0xx_hal_gpio.o(i.HAL_GPIO_WritePin)
    HAL_GetTick                              0x08000669   Thumb Code     6  stm32f0xx_hal.o(i.HAL_GetTick)
    HAL_I2C_Init                             0x08000675   Thumb Code   176  stm32f0xx_hal_i2c.o(i.HAL_I2C_Init)
    HAL_I2C_Mem_Read                         0x08000729   Thumb Code   332  stm32f0xx_hal_i2c.o(i.HAL_I2C_Mem_Read)
    HAL_I2C_Mem_Write                        0x0800087d   Thumb Code   326  stm32f0xx_hal_i2c.o(i.HAL_I2C_Mem_Write)
    HAL_I2C_MspInit                          0x080009c9   Thumb Code     2  stm32f0xx_hal_msp.o(i.HAL_I2C_MspInit)
    HAL_IWDG_Init                            0x080009cd   Thumb Code    94  stm32f0xx_hal_iwdg.o(i.HAL_IWDG_Init)
    HAL_IWDG_Refresh                         0x08000a39   Thumb Code    10  stm32f0xx_hal_iwdg.o(i.HAL_IWDG_Refresh)
    HAL_IncTick                              0x08000a49   Thumb Code    12  stm32f0xx_hal.o(i.HAL_IncTick)
    HAL_Init                                 0x08000a59   Thumb Code    26  stm32f0xx_hal.o(i.HAL_Init)
    HAL_InitTick                             0x08000a79   Thumb Code    58  stm32f0xx_hal.o(i.HAL_InitTick)
    HAL_MspInit                              0x08000abd   Thumb Code     2  stm32f0xx_hal_msp.o(i.HAL_MspInit)
    HAL_NVIC_EnableIRQ                       0x08000ac1   Thumb Code    18  stm32f0xx_hal_cortex.o(i.HAL_NVIC_EnableIRQ)
    HAL_NVIC_SetPriority                     0x08000ad9   Thumb Code     8  stm32f0xx_hal_cortex.o(i.HAL_NVIC_SetPriority)
    HAL_RCCEx_PeriphCLKConfig                0x08000ae1   Thumb Code   218  stm32f0xx_hal_rcc_ex.o(i.HAL_RCCEx_PeriphCLKConfig)
    HAL_RCC_ClockConfig                      0x08000bc9   Thumb Code   242  stm32f0xx_hal_rcc.o(i.HAL_RCC_ClockConfig)
    HAL_RCC_GetPCLK1Freq                     0x08000cd1   Thumb Code    20  stm32f0xx_hal_rcc.o(i.HAL_RCC_GetPCLK1Freq)
    HAL_RCC_GetSysClockFreq                  0x08000cf1   Thumb Code    84  stm32f0xx_hal_rcc.o(i.HAL_RCC_GetSysClockFreq)
    HAL_RCC_OscConfig                        0x08000d71   Thumb Code   890  stm32f0xx_hal_rcc.o(i.HAL_RCC_OscConfig)
    HAL_SYSTICK_Config                       0x080010f9   Thumb Code    38  stm32f0xx_hal_cortex.o(i.HAL_SYSTICK_Config)
    HAL_TIMEx_BreakCallback                  0x08001129   Thumb Code     2  stm32f0xx_hal_tim_ex.o(i.HAL_TIMEx_BreakCallback)
    HAL_TIMEx_CommutCallback                 0x0800112b   Thumb Code     2  stm32f0xx_hal_tim_ex.o(i.HAL_TIMEx_CommutCallback)
    HAL_TIM_Base_Init                        0x0800112d   Thumb Code    72  stm32f0xx_hal_tim.o(i.HAL_TIM_Base_Init)
    HAL_TIM_Base_MspInit                     0x08001175   Thumb Code     2  stm32f0xx_hal_tim.o(i.HAL_TIM_Base_MspInit)
    HAL_TIM_Base_Start_IT                    0x08001179   Thumb Code    62  stm32f0xx_hal_tim.o(i.HAL_TIM_Base_Start_IT)
    HAL_TIM_Base_Stop_IT                     0x080011c1   Thumb Code    46  stm32f0xx_hal_tim.o(i.HAL_TIM_Base_Stop_IT)
    HAL_TIM_IC_CaptureCallback               0x080011f5   Thumb Code     2  stm32f0xx_hal_tim.o(i.HAL_TIM_IC_CaptureCallback)
    HAL_TIM_IRQHandler                       0x080011f7   Thumb Code   354  stm32f0xx_hal_tim.o(i.HAL_TIM_IRQHandler)
    HAL_TIM_OC_DelayElapsedCallback          0x08001359   Thumb Code     2  stm32f0xx_hal_tim.o(i.HAL_TIM_OC_DelayElapsedCallback)
    HAL_TIM_PWM_PulseFinishedCallback        0x0800135b   Thumb Code     2  stm32f0xx_hal_tim.o(i.HAL_TIM_PWM_PulseFinishedCallback)
    HAL_TIM_PeriodElapsedCallback            0x0800135d   Thumb Code    28  loop.o(i.HAL_TIM_PeriodElapsedCallback)
    HAL_TIM_TriggerCallback                  0x08001385   Thumb Code     2  stm32f0xx_hal_tim.o(i.HAL_TIM_TriggerCallback)
    HAL_UARTEx_RxEventCallback               0x08001387   Thumb Code     2  stm32f0xx_hal_uart.o(i.HAL_UARTEx_RxEventCallback)
    HAL_UART_AbortReceiveCpltCallback        0x08001389   Thumb Code     2  stm32f0xx_hal_uart.o(i.HAL_UART_AbortReceiveCpltCallback)
    HAL_UART_AbortReceive_IT                 0x0800138d   Thumb Code   194  stm32f0xx_hal_uart.o(i.HAL_UART_AbortReceive_IT)
    HAL_UART_ErrorCallback                   0x08001455   Thumb Code     2  stm32f0xx_hal_uart.o(i.HAL_UART_ErrorCallback)
    HAL_UART_IRQHandler                      0x08001459   Thumb Code   640  stm32f0xx_hal_uart.o(i.HAL_UART_IRQHandler)
    HAL_UART_Init                            0x080016e5   Thumb Code   106  stm32f0xx_hal_uart.o(i.HAL_UART_Init)
    HAL_UART_MspInit                         0x0800174f   Thumb Code     2  stm32f0xx_hal_msp.o(i.HAL_UART_MspInit)
    HAL_UART_Receive_IT                      0x08001751   Thumb Code   100  stm32f0xx_hal_uart.o(i.HAL_UART_Receive_IT)
    HAL_UART_RxCpltCallback                  0x080017b5   Thumb Code     8  loop.o(i.HAL_UART_RxCpltCallback)
    HAL_UART_Transmit                        0x080017c1   Thumb Code   210  stm32f0xx_hal_uart.o(i.HAL_UART_Transmit)
    HAL_UART_TxCpltCallback                  0x08001893   Thumb Code     2  stm32f0xx_hal_uart.o(i.HAL_UART_TxCpltCallback)
    HardFault_Handler                        0x08001895   Thumb Code     2  stm32f0xx_it.o(i.HardFault_Handler)
    Motor_Timer_Handler                      0x08001b65   Thumb Code   270  stepperdriver.o(i.Motor_Timer_Handler)
    NMI_Handler                              0x08001c89   Thumb Code     2  stm32f0xx_it.o(i.NMI_Handler)
    ParseToInt                               0x08001c8d   Thumb Code   100  loop.o(i.ParseToInt)
    ParseToIntXY                             0x08001cf5   Thumb Code    88  loop.o(i.ParseToIntXY)
    PendSV_Handler                           0x08001d51   Thumb Code     2  stm32f0xx_it.o(i.PendSV_Handler)
    SVC_Handler                              0x08001d53   Thumb Code     2  stm32f0xx_it.o(i.SVC_Handler)
    SysTick_Handler                          0x08001d55   Thumb Code     8  stm32f0xx_it.o(i.SysTick_Handler)
    SystemClock_Config                       0x08001d5d   Thumb Code   146  main.o(i.SystemClock_Config)
    SystemInit                               0x08001df5   Thumb Code     2  system_stm32f0xx.o(i.SystemInit)
    TIM14_IRQHandler                         0x08001df9   Thumb Code    10  stm32f0xx_it.o(i.TIM14_IRQHandler)
    TIM16_IRQHandler                         0x08001e59   Thumb Code    10  stm32f0xx_it.o(i.TIM16_IRQHandler)
    TIM17_IRQHandler                         0x08001eb9   Thumb Code    10  stm32f0xx_it.o(i.TIM17_IRQHandler)
    TIM_Base_SetConfig                       0x08001f15   Thumb Code   100  stm32f0xx_hal_tim.o(i.TIM_Base_SetConfig)
    UART_AdvFeatureConfig                    0x08001f8d   Thumb Code   202  stm32f0xx_hal_uart.o(i.UART_AdvFeatureConfig)
    UART_CheckIdleState                      0x08002059   Thumb Code    94  stm32f0xx_hal_uart.o(i.UART_CheckIdleState)
    UART_SetConfig                           0x080022a5   Thumb Code   268  stm32f0xx_hal_uart.o(i.UART_SetConfig)
    UART_Start_Receive_IT                    0x080023c1   Thumb Code   142  stm32f0xx_hal_uart.o(i.UART_Start_Receive_IT)
    UART_WaitOnFlagUntilTimeout              0x0800245d   Thumb Code   212  stm32f0xx_hal_uart.o(i.UART_WaitOnFlagUntilTimeout)
    USART1_IRQHandler                        0x08002531   Thumb Code    10  stm32f0xx_it.o(i.USART1_IRQHandler)
    __0sprintf$1                             0x080025a1   Thumb Code    36  printf1.o(i.__0sprintf$1)
    __1sprintf$1                             0x080025a1   Thumb Code     0  printf1.o(i.__0sprintf$1)
    __2sprintf                               0x080025a1   Thumb Code     0  printf1.o(i.__0sprintf$1)
    __ARM_common_ll_muluu                    0x080025c9   Thumb Code    48  stm32f0xx_hal_rcc.o(i.__ARM_common_ll_muluu)
    __scatterload_copy                       0x0800263d   Thumb Code    14  handlers.o(i.__scatterload_copy)
    __scatterload_null                       0x0800264b   Thumb Code     2  handlers.o(i.__scatterload_null)
    __scatterload_zeroinit                   0x0800264d   Thumb Code    14  handlers.o(i.__scatterload_zeroinit)
    auto_mode_az_calculation                 0x080027b9   Thumb Code    62  loop.o(i.auto_mode_az_calculation)
    auto_mode_el_calculation                 0x080027fd   Thumb Code    62  loop.o(i.auto_mode_el_calculation)
    calculation                              0x08002841   Thumb Code   244  loop.o(i.calculation)
    create_message                           0x08002939   Thumb Code   144  loop.o(i.create_message)
    error                                    0x080029dd   Thumb Code    18  loop.o(i.error)
    limiter_break_az                         0x080029f5   Thumb Code    42  loop.o(i.limiter_break_az)
    limiter_break_el                         0x08002a25   Thumb Code    42  loop.o(i.limiter_break_el)
    main                                     0x08002a55   Thumb Code    62  main.o(i.main)
    mem_read32                               0x08002aa1   Thumb Code    48  eeprom.o(i.mem_read32)
    mem_write32                              0x08002ad5   Thumb Code    42  eeprom.o(i.mem_write32)
    motor_AZ_acceleration                    0x08002b05   Thumb Code   166  stepperdriver.o(i.motor_AZ_acceleration)
    motor_EL_acceleration                    0x08002bb9   Thumb Code   166  stepperdriver.o(i.motor_EL_acceleration)
    motor_move                               0x08002c6d   Thumb Code    72  stepperdriver.o(i.motor_move)
    motor_move_joystick_AZ                   0x08002cbd   Thumb Code   432  stepperdriver.o(i.motor_move_joystick_AZ)
    motor_move_joystick_EL                   0x08002e85   Thumb Code   344  stepperdriver.o(i.motor_move_joystick_EL)
    motor_one_step                           0x08002ff1   Thumb Code   178  stepperdriver.o(i.motor_one_step)
    motor_set_direction                      0x080030a9   Thumb Code    36  stepperdriver.o(i.motor_set_direction)
    motor_set_stepping_mode                  0x080030cd   Thumb Code    24  stepperdriver.o(i.motor_set_stepping_mode)
    motor_stop                               0x080030e5   Thumb Code   106  stepperdriver.o(i.motor_stop)
    read_message                             0x08003165   Thumb Code   102  loop.o(i.read_message)
    recieve_from_ppu                         0x080031d1   Thumb Code    98  loop.o(i.recieve_from_ppu)
    superloop                                0x0800324d   Thumb Code    66  loop.o(i.superloop)
    transmit_to_ppu                          0x08003295   Thumb Code    66  loop.o(i.transmit_to_ppu)
    update_data_auto_mode_az                 0x080032e9   Thumb Code    54  stepperdriver.o(i.update_data_auto_mode_az)
    update_data_auto_mode_el                 0x08003329   Thumb Code    32  stepperdriver.o(i.update_data_auto_mode_el)
    write_in_eeprom                          0x08003351   Thumb Code    38  loop.o(i.write_in_eeprom)
    AHBPrescTable                            0x08003384   Data          16  system_stm32f0xx.o(.constdata)
    APBPrescTable                            0x08003394   Data           8  system_stm32f0xx.o(.constdata)
    Region$$Table$$Base                      0x0800339c   Number         0  anon$$obj.o(Region$$Table)
    Region$$Table$$Limit                     0x080033bc   Number         0  anon$$obj.o(Region$$Table)
    usart1_recieve_from_ppu_complete         0x20000000   Data           1  loop.o(.data)
    auto_mode                                0x20000001   Data           1  loop.o(.data)
    manual_mode                              0x20000002   Data           1  loop.o(.data)
    move_auto_mode_az                        0x20000003   Data           1  loop.o(.data)
    move_auto_mode_el                        0x20000004   Data           1  loop.o(.data)
    power_off_interrupt                      0x20000005   Data           1  loop.o(.data)
    current_state                            0x20000006   Data           1  loop.o(.data)
    current_event                            0x20000007   Data           1  loop.o(.data)
    prev_state                               0x20000008   Data           1  loop.o(.data)
    braking_in_auto_mode                     0x2000000c   Data           4  loop.o(.data)
    braking_timer                            0x20000010   Data           4  loop.o(.data)
    limiter_az_pressed                       0x20000014   Data           4  loop.o(.data)
    limiter_el_pressed                       0x20000018   Data           4  loop.o(.data)
    RotatorCoords                            0x2000001c   Data           8  loop.o(.data)
    ObjectCoords                             0x20000024   Data           8  loop.o(.data)
    JoystickCoords                           0x2000002c   Data           8  loop.o(.data)
    motor_AZ                                 0x20000034   Data          32  loop.o(.data)
    motor_EL                                 0x20000054   Data          32  loop.o(.data)
    transition_table                         0x20000074   Data          56  loop.o(.data)
    rotator_update_data_az                   0x200000ac   Data           1  loop.o(.data)
    rotator_update_data_el                   0x200000ad   Data           1  loop.o(.data)
    uwTickFreq                               0x200000b0   Data           1  stm32f0xx_hal.o(.data)
    uwTickPrio                               0x200000b4   Data           4  stm32f0xx_hal.o(.data)
    uwTick                                   0x200000b8   Data           4  stm32f0xx_hal.o(.data)
    SystemCoreClock                          0x200000bc   Data           4  system_stm32f0xx.o(.data)
    motor_joystick_move_on_az                0x200000c0   Data           1  stepperdriver.o(.data)
    motor_joystick_move_on_el                0x200000c1   Data           1  stepperdriver.o(.data)
    move_one_degree_az                       0x200000c2   Data           1  stepperdriver.o(.data)
    move_one_degree_el                       0x200000c3   Data           1  stepperdriver.o(.data)
    prev_dir_az                              0x200000c4   Data           1  stepperdriver.o(.data)
    prev_dir_el                              0x200000c5   Data           1  stepperdriver.o(.data)
    acceleration_AZ_enable                   0x200000c6   Data           1  stepperdriver.o(.data)
    acceleration_EL_enable                   0x200000c7   Data           1  stepperdriver.o(.data)
    AZ_degree                                0x200000d0   Data           4  stepperdriver.o(.data)
    EL_degree                                0x200000d4   Data           4  stepperdriver.o(.data)
    hi2c1                                    0x20000128   Data          76  main.o(.bss)
    huart1                                   0x20000174   Data         132  main.o(.bss)
    htim14                                   0x200001f8   Data          72  main.o(.bss)
    htim16                                   0x20000240   Data          72  main.o(.bss)
    htim17                                   0x20000288   Data          72  main.o(.bss)
    hiwdg                                    0x200002d0   Data          16  main.o(.bss)
    rx_buffer                                0x200002e0   Data          10  loop.o(.bss)
    __initial_sp                             0x200006f0   Data           0  startup_stm32f030x6.o(STACK)



==============================================================================

Memory Map of the image

  Image Entry point : 0x080000b1

  Load Region LR_IROM1 (Base: 0x08000000, Size: 0x000034e4, Max: 0x00008000, ABSOLUTE)

    Execution Region ER_IROM1 (Exec base: 0x08000000, Load base: 0x08000000, Size: 0x000033bc, Max: 0x00008000, ABSOLUTE)

    Exec Addr    Load Addr    Size         Type   Attr      Idx    E Section Name        Object

    0x08000000   0x08000000   0x000000b0   Data   RO            3    RESET               startup_stm32f030x6.o
    0x080000b0   0x080000b0   0x00000000   Code   RO         3421  * .ARM.Collect$$$$00000000  mc_p.l(entry.o)
    0x080000b0   0x080000b0   0x00000004   Code   RO         3693    .ARM.Collect$$$$00000001  mc_p.l(entry2.o)
    0x080000b4   0x080000b4   0x00000004   Code   RO         3696    .ARM.Collect$$$$00000004  mc_p.l(entry5.o)
    0x080000b8   0x080000b8   0x00000000   Code   RO         3698    .ARM.Collect$$$$00000008  mc_p.l(entry7b.o)
    0x080000b8   0x080000b8   0x00000000   Code   RO         3700    .ARM.Collect$$$$0000000A  mc_p.l(entry8b.o)
    0x080000b8   0x080000b8   0x00000008   Code   RO         3701    .ARM.Collect$$$$0000000B  mc_p.l(entry9a.o)
    0x080000c0   0x080000c0   0x00000004   Code   RO         3708    .ARM.Collect$$$$0000000E  mc_p.l(entry12b.o)
    0x080000c4   0x080000c4   0x00000000   Code   RO         3703    .ARM.Collect$$$$0000000F  mc_p.l(entry10a.o)
    0x080000c4   0x080000c4   0x00000000   Code   RO         3705    .ARM.Collect$$$$00000011  mc_p.l(entry11a.o)
    0x080000c4   0x080000c4   0x00000004   Code   RO         3694    .ARM.Collect$$$$00002712  mc_p.l(entry2.o)
    0x080000c8   0x080000c8   0x0000001c   Code   RO            4    .text               startup_stm32f030x6.o
    0x080000e4   0x080000e4   0x0000002c   Code   RO         3424    .text               mc_p.l(uidiv.o)
    0x08000110   0x08000110   0x00000060   Code   RO         3426    .text               mc_p.l(uldiv.o)
    0x08000170   0x08000170   0x00000022   Code   RO         3428    .text               mc_p.l(llushr.o)
    0x08000192   0x08000192   0x00000024   Code   RO         3430    .text               mc_p.l(memseta.o)
    0x080001b6   0x080001b6   0x00000020   Code   RO         3712    .text               mc_p.l(llshl.o)
    0x080001d6   0x080001d6   0x00000002   PAD
    0x080001d8   0x080001d8   0x00000024   Code   RO         3725    .text               mc_p.l(init.o)
    0x080001fc   0x080001fc   0x0000000a   Code   RO          195    i.EXTI0_1_IRQHandler  stm32f0xx_it.o
    0x08000206   0x08000206   0x0000000a   Code   RO          196    i.EXTI2_3_IRQHandler  stm32f0xx_it.o
    0x08000210   0x08000210   0x0000001a   Code   RO          197    i.EXTI4_15_IRQHandler  stm32f0xx_it.o
    0x0800022a   0x0800022a   0x00000002   PAD
    0x0800022c   0x0800022c   0x00000148   Code   RO           13    i.GPIO_Init         main.o
    0x08000374   0x08000374   0x00000040   Code   RO         1304    i.HAL_DMA_Abort     stm32f0xx_hal_dma.o
    0x080003b4   0x080003b4   0x00000048   Code   RO         1305    i.HAL_DMA_Abort_IT  stm32f0xx_hal_dma.o
    0x080003fc   0x080003fc   0x00000024   Code   RO         1087    i.HAL_Delay         stm32f0xx_hal.o
    0x08000420   0x08000420   0x00000070   Code   RO          333    i.HAL_GPIO_EXTI_Callback  loop.o
    0x08000490   0x08000490   0x00000018   Code   RO         1242    i.HAL_GPIO_EXTI_IRQHandler  stm32f0xx_hal_gpio.o
    0x080004a8   0x080004a8   0x000001a4   Code   RO         1243    i.HAL_GPIO_Init     stm32f0xx_hal_gpio.o
    0x0800064c   0x0800064c   0x00000010   Code   RO         1246    i.HAL_GPIO_TogglePin  stm32f0xx_hal_gpio.o
    0x0800065c   0x0800065c   0x0000000c   Code   RO         1247    i.HAL_GPIO_WritePin  stm32f0xx_hal_gpio.o
    0x08000668   0x08000668   0x0000000c   Code   RO         1091    i.HAL_GetTick       stm32f0xx_hal.o
    0x08000674   0x08000674   0x000000b4   Code   RO          471    i.HAL_I2C_Init      stm32f0xx_hal_i2c.o
    0x08000728   0x08000728   0x00000154   Code   RO          489    i.HAL_I2C_Mem_Read  stm32f0xx_hal_i2c.o
    0x0800087c   0x0800087c   0x0000014c   Code   RO          492    i.HAL_I2C_Mem_Write  stm32f0xx_hal_i2c.o
    0x080009c8   0x080009c8   0x00000002   Code   RO          290    i.HAL_I2C_MspInit   stm32f0xx_hal_msp.o
    0x080009ca   0x080009ca   0x00000002   PAD
    0x080009cc   0x080009cc   0x0000006c   Code   RO         3220    i.HAL_IWDG_Init     stm32f0xx_hal_iwdg.o
    0x08000a38   0x08000a38   0x00000010   Code   RO         3221    i.HAL_IWDG_Refresh  stm32f0xx_hal_iwdg.o
    0x08000a48   0x08000a48   0x00000010   Code   RO         1097    i.HAL_IncTick       stm32f0xx_hal.o
    0x08000a58   0x08000a58   0x00000020   Code   RO         1098    i.HAL_Init          stm32f0xx_hal.o
    0x08000a78   0x08000a78   0x00000044   Code   RO         1099    i.HAL_InitTick      stm32f0xx_hal.o
    0x08000abc   0x08000abc   0x00000002   Code   RO          291    i.HAL_MspInit       stm32f0xx_hal_msp.o
    0x08000abe   0x08000abe   0x00000002   PAD
    0x08000ac0   0x08000ac0   0x00000018   Code   RO         1402    i.HAL_NVIC_EnableIRQ  stm32f0xx_hal_cortex.o
    0x08000ad8   0x08000ad8   0x00000008   Code   RO         1406    i.HAL_NVIC_SetPriority  stm32f0xx_hal_cortex.o
    0x08000ae0   0x08000ae0   0x000000e8   Code   RO         1052    i.HAL_RCCEx_PeriphCLKConfig  stm32f0xx_hal_rcc_ex.o
    0x08000bc8   0x08000bc8   0x00000108   Code   RO          957    i.HAL_RCC_ClockConfig  stm32f0xx_hal_rcc.o
    0x08000cd0   0x08000cd0   0x00000020   Code   RO          964    i.HAL_RCC_GetPCLK1Freq  stm32f0xx_hal_rcc.o
    0x08000cf0   0x08000cf0   0x00000080   Code   RO          965    i.HAL_RCC_GetSysClockFreq  stm32f0xx_hal_rcc.o
    0x08000d70   0x08000d70   0x00000388   Code   RO          968    i.HAL_RCC_OscConfig  stm32f0xx_hal_rcc.o
    0x080010f8   0x080010f8   0x00000030   Code   RO         1410    i.HAL_SYSTICK_Config  stm32f0xx_hal_cortex.o
    0x08001128   0x08001128   0x00000002   Code   RO         2534    i.HAL_TIMEx_BreakCallback  stm32f0xx_hal_tim_ex.o
    0x0800112a   0x0800112a   0x00000002   Code   RO         2535    i.HAL_TIMEx_CommutCallback  stm32f0xx_hal_tim_ex.o
    0x0800112c   0x0800112c   0x00000048   Code   RO         1834    i.HAL_TIM_Base_Init  stm32f0xx_hal_tim.o
    0x08001174   0x08001174   0x00000002   Code   RO         1836    i.HAL_TIM_Base_MspInit  stm32f0xx_hal_tim.o
    0x08001176   0x08001176   0x00000002   PAD
    0x08001178   0x08001178   0x00000048   Code   RO         1839    i.HAL_TIM_Base_Start_IT  stm32f0xx_hal_tim.o
    0x080011c0   0x080011c0   0x00000034   Code   RO         1842    i.HAL_TIM_Base_Stop_IT  stm32f0xx_hal_tim.o
    0x080011f4   0x080011f4   0x00000002   Code   RO         1868    i.HAL_TIM_IC_CaptureCallback  stm32f0xx_hal_tim.o
    0x080011f6   0x080011f6   0x00000162   Code   RO         1882    i.HAL_TIM_IRQHandler  stm32f0xx_hal_tim.o
    0x08001358   0x08001358   0x00000002   Code   RO         1885    i.HAL_TIM_OC_DelayElapsedCallback  stm32f0xx_hal_tim.o
    0x0800135a   0x0800135a   0x00000002   Code   RO         1912    i.HAL_TIM_PWM_PulseFinishedCallback  stm32f0xx_hal_tim.o
    0x0800135c   0x0800135c   0x00000028   Code   RO          334    i.HAL_TIM_PeriodElapsedCallback  loop.o
    0x08001384   0x08001384   0x00000002   Code   RO         1925    i.HAL_TIM_TriggerCallback  stm32f0xx_hal_tim.o
    0x08001386   0x08001386   0x00000002   Code   RO         2804    i.HAL_UARTEx_RxEventCallback  stm32f0xx_hal_uart.o
    0x08001388   0x08001388   0x00000002   Code   RO         2808    i.HAL_UART_AbortReceiveCpltCallback  stm32f0xx_hal_uart.o
    0x0800138a   0x0800138a   0x00000002   PAD
    0x0800138c   0x0800138c   0x000000c8   Code   RO         2809    i.HAL_UART_AbortReceive_IT  stm32f0xx_hal_uart.o
    0x08001454   0x08001454   0x00000002   Code   RO         2820    i.HAL_UART_ErrorCallback  stm32f0xx_hal_uart.o
    0x08001456   0x08001456   0x00000002   PAD
    0x08001458   0x08001458   0x0000028c   Code   RO         2823    i.HAL_UART_IRQHandler  stm32f0xx_hal_uart.o
    0x080016e4   0x080016e4   0x0000006a   Code   RO         2824    i.HAL_UART_Init     stm32f0xx_hal_uart.o
    0x0800174e   0x0800174e   0x00000002   Code   RO          293    i.HAL_UART_MspInit  stm32f0xx_hal_msp.o
    0x08001750   0x08001750   0x00000064   Code   RO         2829    i.HAL_UART_Receive_IT  stm32f0xx_hal_uart.o
    0x080017b4   0x080017b4   0x0000000c   Code   RO          335    i.HAL_UART_RxCpltCallback  loop.o
    0x080017c0   0x080017c0   0x000000d2   Code   RO         2833    i.HAL_UART_Transmit  stm32f0xx_hal_uart.o
    0x08001892   0x08001892   0x00000002   Code   RO         2836    i.HAL_UART_TxCpltCallback  stm32f0xx_hal_uart.o
    0x08001894   0x08001894   0x00000002   Code   RO          198    i.HardFault_Handler  stm32f0xx_it.o
    0x08001896   0x08001896   0x00000002   PAD
    0x08001898   0x08001898   0x0000004c   Code   RO           14    i.I2C1_Init         main.o
    0x080018e4   0x080018e4   0x00000022   Code   RO          518    i.I2C_Flush_TXDR    stm32f0xx_hal_i2c.o
    0x08001906   0x08001906   0x00000002   PAD
    0x08001908   0x08001908   0x00000088   Code   RO          526    i.I2C_IsAcknowledgeFailed  stm32f0xx_hal_i2c.o
    0x08001990   0x08001990   0x00000060   Code   RO          529    i.I2C_RequestMemoryRead  stm32f0xx_hal_i2c.o
    0x080019f0   0x080019f0   0x00000060   Code   RO          530    i.I2C_RequestMemoryWrite  stm32f0xx_hal_i2c.o
    0x08001a50   0x08001a50   0x00000028   Code   RO          533    i.I2C_TransferConfig  stm32f0xx_hal_i2c.o
    0x08001a78   0x08001a78   0x0000004e   Code   RO          535    i.I2C_WaitOnFlagUntilTimeout  stm32f0xx_hal_i2c.o
    0x08001ac6   0x08001ac6   0x0000004c   Code   RO          537    i.I2C_WaitOnSTOPFlagUntilTimeout  stm32f0xx_hal_i2c.o
    0x08001b12   0x08001b12   0x00000050   Code   RO          538    i.I2C_WaitOnTXISFlagUntilTimeout  stm32f0xx_hal_i2c.o
    0x08001b62   0x08001b62   0x00000002   PAD
    0x08001b64   0x08001b64   0x00000124   Code   RO         3280    i.Motor_Timer_Handler  stepperdriver.o
    0x08001c88   0x08001c88   0x00000002   Code   RO          199    i.NMI_Handler       stm32f0xx_it.o
    0x08001c8a   0x08001c8a   0x00000002   PAD
    0x08001c8c   0x08001c8c   0x00000068   Code   RO          336    i.ParseToInt        loop.o
    0x08001cf4   0x08001cf4   0x0000005c   Code   RO          337    i.ParseToIntXY      loop.o
    0x08001d50   0x08001d50   0x00000002   Code   RO          200    i.PendSV_Handler    stm32f0xx_it.o
    0x08001d52   0x08001d52   0x00000002   Code   RO          201    i.SVC_Handler       stm32f0xx_it.o
    0x08001d54   0x08001d54   0x00000008   Code   RO          202    i.SysTick_Handler   stm32f0xx_it.o
    0x08001d5c   0x08001d5c   0x00000098   Code   RO           15    i.SystemClock_Config  main.o
    0x08001df4   0x08001df4   0x00000002   Code   RO         3247    i.SystemInit        system_stm32f0xx.o
    0x08001df6   0x08001df6   0x00000002   PAD
    0x08001df8   0x08001df8   0x00000010   Code   RO          203    i.TIM14_IRQHandler  stm32f0xx_it.o
    0x08001e08   0x08001e08   0x00000050   Code   RO           16    i.TIM14_Init        main.o
    0x08001e58   0x08001e58   0x00000010   Code   RO          204    i.TIM16_IRQHandler  stm32f0xx_it.o
    0x08001e68   0x08001e68   0x00000050   Code   RO           17    i.TIM16_Init        main.o
    0x08001eb8   0x08001eb8   0x00000010   Code   RO          205    i.TIM17_IRQHandler  stm32f0xx_it.o
    0x08001ec8   0x08001ec8   0x0000004c   Code   RO           18    i.TIM17_Init        main.o
    0x08001f14   0x08001f14   0x00000078   Code   RO         1927    i.TIM_Base_SetConfig  stm32f0xx_hal_tim.o
    0x08001f8c   0x08001f8c   0x000000ca   Code   RO         2838    i.UART_AdvFeatureConfig  stm32f0xx_hal_uart.o
    0x08002056   0x08002056   0x00000002   PAD
    0x08002058   0x08002058   0x00000064   Code   RO         2839    i.UART_CheckIdleState  stm32f0xx_hal_uart.o
    0x080020bc   0x080020bc   0x00000014   Code   RO         2840    i.UART_DMAAbortOnError  stm32f0xx_hal_uart.o
    0x080020d0   0x080020d0   0x00000026   Code   RO         2845    i.UART_DMARxOnlyAbortCallback  stm32f0xx_hal_uart.o
    0x080020f6   0x080020f6   0x0000005e   Code   RO         2850    i.UART_EndRxTransfer  stm32f0xx_hal_uart.o
    0x08002154   0x08002154   0x000000a8   Code   RO         2852    i.UART_RxISR_16BIT  stm32f0xx_hal_uart.o
    0x080021fc   0x080021fc   0x000000a8   Code   RO         2853    i.UART_RxISR_8BIT   stm32f0xx_hal_uart.o
    0x080022a4   0x080022a4   0x0000011c   Code   RO         2854    i.UART_SetConfig    stm32f0xx_hal_uart.o
    0x080023c0   0x080023c0   0x0000009c   Code   RO         2856    i.UART_Start_Receive_IT  stm32f0xx_hal_uart.o
    0x0800245c   0x0800245c   0x000000d4   Code   RO         2859    i.UART_WaitOnFlagUntilTimeout  stm32f0xx_hal_uart.o
    0x08002530   0x08002530   0x00000010   Code   RO          206    i.USART1_IRQHandler  stm32f0xx_it.o
    0x08002540   0x08002540   0x00000060   Code   RO           19    i.USART1_UART_Init  main.o
    0x080025a0   0x080025a0   0x00000028   Code   RO         3479    i.__0sprintf$1      mc_p.l(printf1.o)
    0x080025c8   0x080025c8   0x00000030   Code   RO         1042    i.__ARM_common_ll_muluu  stm32f0xx_hal_rcc.o
    0x080025f8   0x080025f8   0x00000044   Code   RO         1412    i.__NVIC_SetPriority  stm32f0xx_hal_cortex.o
    0x0800263c   0x0800263c   0x0000000e   Code   RO         3737    i.__scatterload_copy  mc_p.l(handlers.o)
    0x0800264a   0x0800264a   0x00000002   Code   RO         3738    i.__scatterload_null  mc_p.l(handlers.o)
    0x0800264c   0x0800264c   0x0000000e   Code   RO         3739    i.__scatterload_zeroinit  mc_p.l(handlers.o)
    0x0800265a   0x0800265a   0x00000002   PAD
    0x0800265c   0x0800265c   0x00000150   Code   RO         3484    i._printf_core      mc_p.l(printf1.o)
    0x080027ac   0x080027ac   0x0000000a   Code   RO         3486    i._sputc            mc_p.l(printf1.o)
    0x080027b6   0x080027b6   0x00000002   PAD
    0x080027b8   0x080027b8   0x00000044   Code   RO          338    i.auto_mode_az_calculation  loop.o
    0x080027fc   0x080027fc   0x00000044   Code   RO          339    i.auto_mode_el_calculation  loop.o
    0x08002840   0x08002840   0x000000f8   Code   RO          340    i.calculation       loop.o
    0x08002938   0x08002938   0x000000a4   Code   RO          341    i.create_message    loop.o
    0x080029dc   0x080029dc   0x00000018   Code   RO          342    i.error             loop.o
    0x080029f4   0x080029f4   0x00000030   Code   RO          343    i.limiter_break_az  loop.o
    0x08002a24   0x08002a24   0x00000030   Code   RO          344    i.limiter_break_el  loop.o
    0x08002a54   0x08002a54   0x0000004c   Code   RO           20    i.main              main.o
    0x08002aa0   0x08002aa0   0x00000034   Code   RO         3378    i.mem_read32        eeprom.o
    0x08002ad4   0x08002ad4   0x00000030   Code   RO         3380    i.mem_write32       eeprom.o
    0x08002b04   0x08002b04   0x000000b4   Code   RO         3281    i.motor_AZ_acceleration  stepperdriver.o
    0x08002bb8   0x08002bb8   0x000000b4   Code   RO         3282    i.motor_EL_acceleration  stepperdriver.o
    0x08002c6c   0x08002c6c   0x00000050   Code   RO         3283    i.motor_move        stepperdriver.o
    0x08002cbc   0x08002cbc   0x000001c8   Code   RO         3284    i.motor_move_joystick_AZ  stepperdriver.o
    0x08002e84   0x08002e84   0x0000016c   Code   RO         3285    i.motor_move_joystick_EL  stepperdriver.o
    0x08002ff0   0x08002ff0   0x000000b8   Code   RO         3286    i.motor_one_step    stepperdriver.o
    0x080030a8   0x080030a8   0x00000024   Code   RO         3287    i.motor_set_direction  stepperdriver.o
    0x080030cc   0x080030cc   0x00000018   Code   RO         3289    i.motor_set_stepping_mode  stepperdriver.o
    0x080030e4   0x080030e4   0x00000080   Code   RO         3290    i.motor_stop        stepperdriver.o
    0x08003164   0x08003164   0x0000006c   Code   RO          345    i.read_message      loop.o
    0x080031d0   0x080031d0   0x0000007c   Code   RO          346    i.recieve_from_ppu  loop.o
    0x0800324c   0x0800324c   0x00000048   Code   RO          347    i.superloop         loop.o
    0x08003294   0x08003294   0x00000054   Code   RO          348    i.transmit_to_ppu   loop.o
    0x080032e8   0x080032e8   0x00000040   Code   RO         3291    i.update_data_auto_mode_az  stepperdriver.o
    0x08003328   0x08003328   0x00000028   Code   RO         3292    i.update_data_auto_mode_el  stepperdriver.o
    0x08003350   0x08003350   0x0000002c   Code   RO          349    i.write_in_eeprom   loop.o
    0x0800337c   0x0800337c   0x00000008   Data   RO          352    .constdata          loop.o
    0x08003384   0x08003384   0x00000010   Data   RO         3248    .constdata          system_stm32f0xx.o
    0x08003394   0x08003394   0x00000008   Data   RO         3249    .constdata          system_stm32f0xx.o
    0x0800339c   0x0800339c   0x00000020   Data   RO         3735    Region$$Table       anon$$obj.o


    Execution Region RW_IRAM1 (Exec base: 0x20000000, Load base: 0x080033bc, Size: 0x000006f0, Max: 0x00001000, ABSOLUTE)

    Exec Addr    Load Addr    Size         Type   Attr      Idx    E Section Name        Object

    0x20000000   0x080033bc   0x000000ac   Data   RW          353    .data               loop.o
    0x200000ac   0x08003468   0x00000001   Data   RW          356    .data               loop.o
    0x200000ad   0x08003469   0x00000001   Data   RW          357    .data               loop.o
    0x200000ae   0x0800346a   0x00000002   PAD
    0x200000b0   0x0800346c   0x0000000c   Data   RW         1105    .data               stm32f0xx_hal.o
    0x200000bc   0x08003478   0x00000004   Data   RW         3250    .data               system_stm32f0xx.o
    0x200000c0   0x0800347c   0x00000068   Data   RW         3293    .data               stepperdriver.o
    0x20000128        -       0x000001b8   Zero   RW           21    .bss                main.o
    0x200002e0        -       0x0000000a   Zero   RW          350    .bss                loop.o
    0x200002ea   0x080034e4   0x00000006   PAD
    0x200002f0        -       0x00000400   Zero   RW            1    STACK               startup_stm32f030x6.o


==============================================================================

Image component sizes


      Code (inc. data)   RO Data    RW Data    ZI Data      Debug   Object Name

       100         10          0          0          0       1123   eeprom.o
      1460        150          8        174         10      11684   loop.o
       964        102          0          0        440     284532   main.o
        28          8        176          0       1024        632   startup_stm32f030x6.o
      2028        148          0        104          0      11095   stepperdriver.o
       164         30          0         12          0       7917   stm32f0xx_hal.o
       148         24          0          0          0      10369   stm32f0xx_hal_cortex.o
       136          0          0          0          0       1775   stm32f0xx_hal_dma.o
       472         30          0          0          0       3360   stm32f0xx_hal_gpio.o
      1488         38          0          0          0      11490   stm32f0xx_hal_i2c.o
       124         20          0          0          0       1887   stm32f0xx_hal_iwdg.o
         6          0          0          0          0       1671   stm32f0xx_hal_msp.o
      1376         92          0          0          0       4701   stm32f0xx_hal_rcc.o
       232         14          0          0          0       1384   stm32f0xx_hal_rcc_ex.o
       680         36          0          0          0       7503   stm32f0xx_hal_tim.o
         4          0          0          0          0       1573   stm32f0xx_hal_tim_ex.o
      2718         54          0          0          0      23276   stm32f0xx_hal_uart.o
       126         24          0          0          0       5472   stm32f0xx_it.o
         2          0         24          4          0       1147   system_stm32f0xx.o

    ----------------------------------------------------------------------
     12280        780        240        296       1480     392591   Object Totals
         0          0         32          0          0          0   (incl. Generated)
        24          0          0          2          6          0   (incl. Padding)

    ----------------------------------------------------------------------

      Code (inc. data)   RO Data    RW Data    ZI Data      Debug   Library Member Name

         0          0          0          0          0          0   entry.o
         0          0          0          0          0          0   entry10a.o
         0          0          0          0          0          0   entry11a.o
         4          0          0          0          0          0   entry12b.o
         8          4          0          0          0          0   entry2.o
         4          0          0          0          0          0   entry5.o
         0          0          0          0          0          0   entry7b.o
         0          0          0          0          0          0   entry8b.o
         8          4          0          0          0          0   entry9a.o
        30          0          0          0          0          0   handlers.o
        36          8          0          0          0         68   init.o
        32          0          0          0          0         68   llshl.o
        34          0          0          0          0         68   llushr.o
        36          0          0          0          0        100   memseta.o
       386          8          0          0          0        228   printf1.o
        44          0          0          0          0         72   uidiv.o
        96          0          0          0          0         84   uldiv.o

    ----------------------------------------------------------------------
       724         24          0          0          0        688   Library Totals
         6          0          0          0          0          0   (incl. Padding)

    ----------------------------------------------------------------------

      Code (inc. data)   RO Data    RW Data    ZI Data      Debug   Library Name

       718         24          0          0          0        688   mc_p.l

    ----------------------------------------------------------------------
       724         24          0          0          0        688   Library Totals

    ----------------------------------------------------------------------

==============================================================================


      Code (inc. data)   RO Data    RW Data    ZI Data      Debug   

     13004        804        240        296       1480     388063   Grand Totals
     13004        804        240        296       1480     388063   ELF Image Totals
     13004        804        240        296          0          0   ROM Totals

==============================================================================

    Total RO  Size (Code + RO Data)                13244 (  12.93kB)
    Total RW  Size (RW Data + ZI Data)              1776 (   1.73kB)
    Total ROM Size (Code + RO Data + RW Data)      13540 (  13.22kB)

==============================================================================

